Archive member included to satisfy reference by file (symbol)

C:/ST/STM32CubeIDE_1.14.1/STM32CubeIDE/plugins/com.st.stm32cube.ide.mcu.externaltools.gnu-tools-for-stm32.11.3.rel1.win32_1.1.100.202309141235/tools/bin/../lib/gcc/arm-none-eabi/11.3.1/../../../../arm-none-eabi/lib/thumb/v7e-m+fp/hard\libc_nano.a(libc_a-exit.o)
                              C:/ST/STM32CubeIDE_1.14.1/STM32CubeIDE/plugins/com.st.stm32cube.ide.mcu.externaltools.gnu-tools-for-stm32.11.3.rel1.win32_1.1.100.202309141235/tools/bin/../lib/gcc/arm-none-eabi/11.3.1/../../../../arm-none-eabi/lib/thumb/v7e-m+fp/hard/crt0.o (exit)
C:/ST/STM32CubeIDE_1.14.1/STM32CubeIDE/plugins/com.st.stm32cube.ide.mcu.externaltools.gnu-tools-for-stm32.11.3.rel1.win32_1.1.100.202309141235/tools/bin/../lib/gcc/arm-none-eabi/11.3.1/../../../../arm-none-eabi/lib/thumb/v7e-m+fp/hard\libc_nano.a(libc_a-findfp.o)
                              C:/ST/STM32CubeIDE_1.14.1/STM32CubeIDE/plugins/com.st.stm32cube.ide.mcu.externaltools.gnu-tools-for-stm32.11.3.rel1.win32_1.1.100.202309141235/tools/bin/../lib/gcc/arm-none-eabi/11.3.1/../../../../arm-none-eabi/lib/thumb/v7e-m+fp/hard\libc_nano.a(libc_a-exit.o) (__stdio_exit_handler)
C:/ST/STM32CubeIDE_1.14.1/STM32CubeIDE/plugins/com.st.stm32cube.ide.mcu.externaltools.gnu-tools-for-stm32.11.3.rel1.win32_1.1.100.202309141235/tools/bin/../lib/gcc/arm-none-eabi/11.3.1/../../../../arm-none-eabi/lib/thumb/v7e-m+fp/hard\libc_nano.a(libc_a-fwalk.o)
                              C:/ST/STM32CubeIDE_1.14.1/STM32CubeIDE/plugins/com.st.stm32cube.ide.mcu.externaltools.gnu-tools-for-stm32.11.3.rel1.win32_1.1.100.202309141235/tools/bin/../lib/gcc/arm-none-eabi/11.3.1/../../../../arm-none-eabi/lib/thumb/v7e-m+fp/hard\libc_nano.a(libc_a-findfp.o) (_fwalk_sglue)
C:/ST/STM32CubeIDE_1.14.1/STM32CubeIDE/plugins/com.st.stm32cube.ide.mcu.externaltools.gnu-tools-for-stm32.11.3.rel1.win32_1.1.100.202309141235/tools/bin/../lib/gcc/arm-none-eabi/11.3.1/../../../../arm-none-eabi/lib/thumb/v7e-m+fp/hard\libc_nano.a(libc_a-stdio.o)
                              C:/ST/STM32CubeIDE_1.14.1/STM32CubeIDE/plugins/com.st.stm32cube.ide.mcu.externaltools.gnu-tools-for-stm32.11.3.rel1.win32_1.1.100.202309141235/tools/bin/../lib/gcc/arm-none-eabi/11.3.1/../../../../arm-none-eabi/lib/thumb/v7e-m+fp/hard\libc_nano.a(libc_a-findfp.o) (__sread)
C:/ST/STM32CubeIDE_1.14.1/STM32CubeIDE/plugins/com.st.stm32cube.ide.mcu.externaltools.gnu-tools-for-stm32.11.3.rel1.win32_1.1.100.202309141235/tools/bin/../lib/gcc/arm-none-eabi/11.3.1/../../../../arm-none-eabi/lib/thumb/v7e-m+fp/hard\libc_nano.a(libc_a-memset.o)
                              C:/ST/STM32CubeIDE_1.14.1/STM32CubeIDE/plugins/com.st.stm32cube.ide.mcu.externaltools.gnu-tools-for-stm32.11.3.rel1.win32_1.1.100.202309141235/tools/bin/../lib/gcc/arm-none-eabi/11.3.1/../../../../arm-none-eabi/lib/thumb/v7e-m+fp/hard/crt0.o (memset)
C:/ST/STM32CubeIDE_1.14.1/STM32CubeIDE/plugins/com.st.stm32cube.ide.mcu.externaltools.gnu-tools-for-stm32.11.3.rel1.win32_1.1.100.202309141235/tools/bin/../lib/gcc/arm-none-eabi/11.3.1/../../../../arm-none-eabi/lib/thumb/v7e-m+fp/hard\libc_nano.a(libc_a-closer.o)
                              C:/ST/STM32CubeIDE_1.14.1/STM32CubeIDE/plugins/com.st.stm32cube.ide.mcu.externaltools.gnu-tools-for-stm32.11.3.rel1.win32_1.1.100.202309141235/tools/bin/../lib/gcc/arm-none-eabi/11.3.1/../../../../arm-none-eabi/lib/thumb/v7e-m+fp/hard\libc_nano.a(libc_a-stdio.o) (_close_r)
C:/ST/STM32CubeIDE_1.14.1/STM32CubeIDE/plugins/com.st.stm32cube.ide.mcu.externaltools.gnu-tools-for-stm32.11.3.rel1.win32_1.1.100.202309141235/tools/bin/../lib/gcc/arm-none-eabi/11.3.1/../../../../arm-none-eabi/lib/thumb/v7e-m+fp/hard\libc_nano.a(libc_a-reent.o)
                              C:/ST/STM32CubeIDE_1.14.1/STM32CubeIDE/plugins/com.st.stm32cube.ide.mcu.externaltools.gnu-tools-for-stm32.11.3.rel1.win32_1.1.100.202309141235/tools/bin/../lib/gcc/arm-none-eabi/11.3.1/../../../../arm-none-eabi/lib/thumb/v7e-m+fp/hard\libc_nano.a(libc_a-closer.o) (errno)
C:/ST/STM32CubeIDE_1.14.1/STM32CubeIDE/plugins/com.st.stm32cube.ide.mcu.externaltools.gnu-tools-for-stm32.11.3.rel1.win32_1.1.100.202309141235/tools/bin/../lib/gcc/arm-none-eabi/11.3.1/../../../../arm-none-eabi/lib/thumb/v7e-m+fp/hard\libc_nano.a(libc_a-impure.o)
                              C:/ST/STM32CubeIDE_1.14.1/STM32CubeIDE/plugins/com.st.stm32cube.ide.mcu.externaltools.gnu-tools-for-stm32.11.3.rel1.win32_1.1.100.202309141235/tools/bin/../lib/gcc/arm-none-eabi/11.3.1/../../../../arm-none-eabi/lib/thumb/v7e-m+fp/hard\libc_nano.a(libc_a-reent.o) (_impure_ptr)
C:/ST/STM32CubeIDE_1.14.1/STM32CubeIDE/plugins/com.st.stm32cube.ide.mcu.externaltools.gnu-tools-for-stm32.11.3.rel1.win32_1.1.100.202309141235/tools/bin/../lib/gcc/arm-none-eabi/11.3.1/../../../../arm-none-eabi/lib/thumb/v7e-m+fp/hard\libc_nano.a(libc_a-lseekr.o)
[...]
Memory Configuration

Name             Origin             Length             Attributes
CCMRAM           0x0000000010000000 0x0000000000002000 xrw
RAM              0x0000000020000000 0x000000000000a000 xrw
FLASH            0x0000000008000000 0x0000000000040000 xr
*default*        0x0000000000000000 0xffffffffffffffff

Linker script and memory map

LOAD C:/ST/STM32CubeIDE_1.14.1/STM32CubeIDE/plugins/com.st.stm32cube.ide.mcu.externaltools.gnu-tools-for-stm32.11.3.rel1.win32_1.1.100.202309141235/tools/bin/../lib/gcc/arm-none-eabi/11.3.1/thumb/v7e-m+fp/hard/crti.o
LOAD C:/ST/STM32CubeIDE_1.14.1/STM32CubeIDE/plugins/com.st.stm32cube.ide.mcu.externaltools.gnu-tools-for-stm32.11.3.rel1.win32_1.1.100.202309141235/tools/bin/../lib/gcc/arm-none-eabi/11.3.1/thumb/v7e-m+fp/hard/crtbegin.o
LOAD C:/ST/STM32CubeIDE_1.14.1/STM32CubeIDE/plugins/com.st.stm32cube.ide.mcu.externaltools.gnu-tools-for-stm32.11.3.rel1.win32_1.1.100.202309141235/tools/bin/../lib/gcc/arm-none-eabi/11.3.1/../../../../arm-none-eabi/lib/thumb/v7e-m+fp/hard/crt0.o
LOAD ./Core/Src/adc_filter.o
LOAD ./Core/Src/main.o
LOAD ./Core/Src/stm32f3xx_hal_msp.o
LOAD ./Core/Src/stm32f3xx_it.o
LOAD ./Core/Src/syscalls.o
LOAD ./Core/Src/sysmem.o
LOAD ./Core/Src/system_stm32f3xx.o
LOAD ./Core/Src/timer.o
LOAD ./Core/Src/var.o
LOAD ./Core/Startup/startup_stm32f358vctx.o
LOAD ./Drivers/STM32F3xx_HAL_Driver/Src/stm32f3xx_hal.o
LOAD ./Drivers/STM32F3xx_HAL_Driver/Src/stm32f3xx_hal_adc.o
LOAD ./Drivers/STM32F3xx_HAL_Driver/Src/stm32f3xx_hal_adc_ex.o
LOAD ./Drivers/STM32F3xx_HAL_Driver/Src/stm32f3xx_hal_cortex.o
LOAD ./Drivers/STM32F3xx_HAL_Driver/Src/stm32f3xx_hal_dma.o
LOAD ./Drivers/STM32F3xx_HAL_Driver/Src/stm32f3xx_hal_exti.o
LOAD ./Drivers/STM32F3xx_HAL_Driver/Src/stm32f3xx_hal_flash.o
LOAD ./Drivers/STM32F3xx_HAL_Driver/Src/stm32f3xx_hal_flash_ex.o
LOAD ./Drivers/STM32F3xx_HAL_Driver/Src/stm32f3xx_hal_gpio.o
LOAD ./Drivers/STM32F3xx_HAL_Driver/Src/stm32f3xx_hal_i2c.o
LOAD ./Drivers/STM32F3xx_HAL_Driver/Src/stm32f3xx_hal_i2c_ex.o
LOAD ./Drivers/STM32F3xx_HAL_Driver/Src/stm32f3xx_hal_pwr.o
LOAD ./Drivers/STM32F3xx_HAL_Driver/Src/stm32f3xx_hal_pwr_ex.o
LOAD ./Drivers/STM32F3xx_HAL_Driver/Src/stm32f3xx_hal_rcc.o
LOAD ./Drivers/STM32F3xx_HAL_Driver/Src/stm32f3xx_hal_rcc_ex.o
LOAD ./Drivers/STM32F3xx_HAL_Driver/Src/stm32f3xx_hal_tim.o
LOAD ./Drivers/STM32F3xx_HAL_Driver/Src/stm32f3xx_hal_tim_ex.o
LOAD ./Drivers/STM32F3xx_HAL_Driver/Src/stm32f3xx_hal_uart.o
LOAD ./Drivers/STM32F3xx_HAL_Driver/Src/stm32f3xx_hal_uart_ex.o
START GROUP
LOAD C:/ST/STM32CubeIDE_1.14.1/STM32CubeIDE/plugins/com.st.stm32cube.ide.mcu.externaltools.gnu-tools-for-stm32.11.3.rel1.win32_1.1.100.202309141235/tools/bin/../lib/gcc/arm-none-eabi/11.3.1/../../../../arm-none-eabi/lib/thumb/v7e-m+fp/hard\libc_nano.a
LOAD C:/ST/STM32CubeIDE_1.14.1/STM32CubeIDE/plugins/com.st.stm32cube.ide.mcu.externaltools.gnu-tools-for-stm32.11.3.rel1.win32_1.1.100.202309141235/tools/bin/../lib/gcc/arm-none-eabi/11.3.1/../../../../arm-none-eabi/lib/thumb/v7e-m+fp/hard\libm.a
END GROUP
START GROUP
LOAD C:/ST/STM32CubeIDE_1.14.1/STM32CubeIDE/plugins/com.st.stm32cube.ide.mcu.externaltools.gnu-tools-for-stm32.11.3.rel1.win32_1.1.100.202309141235/tools/bin/../lib/gcc/arm-none-eabi/11.3.1/thumb/v7e-m+fp/hard\libgcc.a
LOAD C:/ST/STM32CubeIDE_1.14.1/STM32CubeIDE/plugins/com.st.stm32cube.ide.mcu.externaltools.gnu-tools-for-stm32.11.3.rel1.win32_1.1.100.202309141235/tools/bin/../lib/gcc/arm-none-eabi/11.3.1/../../../../arm-none-eabi/lib/thumb/v7e-m+fp/hard\libc_nano.a
END GROUP
START GROUP
LOAD C:/ST/STM32CubeIDE_1.14.1/STM32CubeIDE/plugins/com.st.stm32cube.ide.mcu.externaltools.gnu-tools-for-stm32.11.3.rel1.win32_1.1.100.202309141235/tools/bin/../lib/gcc/arm-none-eabi/11.3.1/thumb/v7e-m+fp/hard\libgcc.a
LOAD C:/ST/STM32CubeIDE_1.14.1/STM32CubeIDE/plugins/com.st.stm32cube.ide.mcu.externaltools.gnu-tools-for-stm32.11.3.rel1.win32_1.1.100.202309141235/tools/bin/../lib/gcc/arm-none-eabi/11.3.1/../../../../arm-none-eabi/lib/thumb/v7e-m+fp/hard\libc_nano.a
LOAD C:/ST/STM32CubeIDE_1.14.1/STM32CubeIDE/plugins/com.st.stm32cube.ide.mcu.externaltools.gnu-tools-for-stm32.11.3.rel1.win32_1.1.100.202309141235/tools/bin/../lib/gcc/arm-none-eabi/11.3.1/../../../../arm-none-eabi/lib/thumb/v7e-m+fp/hard\libnosys.a
END GROUP
START GROUP
LOAD C:/ST/STM32CubeIDE_1.14.1/STM32CubeIDE/plugins/com.st.stm32cube.ide.mcu.externaltools.gnu-tools-for-stm32.11.3.rel1.win32_1.1.100.202309141235/tools/bin/../lib/gcc/arm-none-eabi/11.3.1/thumb/v7e-m+fp/hard\libgcc.a
LOAD C:/ST/STM32CubeIDE_1.14.1/STM32CubeIDE/plugins/com.st.stm32cube.ide.mcu.externaltools.gnu-tools-for-stm32.11.3.rel1.win32_1.1.100.202309141235/tools/bin/../lib/gcc/arm-none-eabi/11.3.1/../../../../arm-none-eabi/lib/thumb/v7e-m+fp/hard\libc_nano.a
LOAD C:/ST/STM32CubeIDE_1.14.1/STM32CubeIDE/plugins/com.st.stm32cube.ide.mcu.externaltools.gnu-tools-for-stm32.11.3.rel1.win32_1.1.100.202309141235/tools/bin/../lib/gcc/arm-none-eabi/11.3.1/../../../../arm-none-eabi/lib/thumb/v7e-m+fp/hard\libnosys.a
END GROUP
LOAD C:/ST/STM32CubeIDE_1.14.1/STM32CubeIDE/plugins/com.st.stm32cube.ide.mcu.externaltools.gnu-tools-for-stm32.11.3.rel1.win32_1.1.100.202309141235/tools/bin/../lib/gcc/arm-none-eabi/11.3.1/thumb/v7e-m+fp/hard/crtend.o
LOAD C:/ST/STM32CubeIDE_1.14.1/STM32CubeIDE/plugins/com.st.stm32cube.ide.mcu.externaltools.gnu-tools-for-stm32.11.3.rel1.win32_1.1.100.202309141235/tools/bin/../lib/gcc/arm-none-eabi/11.3.1/thumb/v7e-m+fp/hard/crtn.o
                0x000000002000a000                _estack = (ORIGIN (RAM) + LENGTH (RAM))
                0x0000000000000200                _Min_Heap_Size = 0x200
                0x0000000000000400                _Min_Stack_Size = 0x400

.isr_vector     0x0000000008000000      0x188
                0x0000000008000000                . = ALIGN (0x4)
 *(.isr_vector)
 .isr_vector    0x0000000008000000      0x188 ./Core/Startup/startup_stm32f358vctx.o
                0x0000000008000000                g_pfnVectors
                0x0000000008000188                . = ALIGN (0x4)

.text           0x0000000008000188     0x8020
                0x0000000008000188                . = ALIGN (0x4)
 *(.text)
 .text          0x0000000008000188       0x40 C:/ST/STM32CubeIDE_1.14.1/STM32CubeIDE/plugins/com.st.stm32cube.ide.mcu.externaltools.gnu-tools-for-stm32.11.3.rel1.win32_1.1.100.202309141235/tools/bin/../lib/gcc/arm-none-eabi/11.3.1/thumb/v7e-m+fp/hard/crtbegin.o
 .text          0x00000000080001c8      0x254 C:/ST/STM32CubeIDE_1.14.1/STM32CubeIDE/plugins/com.st.stm32cube.ide.mcu.externaltools.gnu-tools-for-stm32.11.3.rel1.win32_1.1.100.202309141235/tools/bin/../lib/gcc/arm-none-eabi/11.3.1/thumb/v7e-m+fp/hard\libgcc.a(_arm_muldf3.o)
                0x00000000080001c8                __muldf3
                0x00000000080001c8                __aeabi_dmul
 .text          0x000000000800041c      0x378 C:/ST/STM32CubeIDE_1.14.1/STM32CubeIDE/plugins/com.st.stm32cube.ide.mcu.externaltools.gnu-tools-for-stm32.11.3.rel1.win32_1.1.100.202309141235/tools/bin/../lib/gcc/arm-none-eabi/11.3.1/thumb/v7e-m+fp/hard\libgcc.a(_arm_addsubdf3.o)
                0x000000000800041c                __aeabi_drsub
                0x0000000008000424                __aeabi_dsub
                0x0000000008000424                __subdf3
                0x0000000008000428                __aeabi_dadd
                0x0000000008000428                __adddf3
                0x00000000080006a0                __floatunsidf
                0x00000000080006a0                __aeabi_ui2d
                0x00000000080006c0                __floatsidf
                0x00000000080006c0                __aeabi_i2d
                0x00000000080006e4                __aeabi_f2d
                0x00000000080006e4                __extendsfdf2
                0x0000000008000728                __floatundidf
                0x0000000008000728                __aeabi_ul2d
                0x0000000008000738                __floatdidf
                0x0000000008000738                __aeabi_l2d
 .text          0x0000000008000794      0x110 C:/ST/STM32CubeIDE_1.14.1/STM32CubeIDE/plugins/com.st.stm32cube.ide.mcu.externaltools.gnu-tools-for-stm32.11.3.rel1.win32_1.1.100.202309141235/tools/bin/../lib/gcc/arm-none-eabi/11.3.1/thumb/v7e-m+fp/hard\libgcc.a(_arm_cmpdf2.o)
                0x0000000008000794                __gtdf2
                0x0000000008000794                __gedf2
                0x000000000800079c                __ltdf2
                0x000000000800079c                __ledf2
                0x00000000080007a4                __nedf2
                0x00000000080007a4                __eqdf2
                0x00000000080007a4                __cmpdf2
                0x0000000008000820                __aeabi_cdrcmple
                0x0000000008000830                __aeabi_cdcmpeq
                0x0000000008000830                __aeabi_cdcmple
                0x0000000008000840                __aeabi_dcmpeq
                0x0000000008000854                __aeabi_dcmplt
                0x0000000008000868                __aeabi_dcmple
                0x000000000800087c                __aeabi_dcmpge
                0x0000000008000890                __aeabi_dcmpgt
 .text          0x00000000080008a4       0x40 C:/ST/STM32CubeIDE_1.14.1/STM32CubeIDE/plugins/com.st.stm32cube.ide.mcu.externaltools.gnu-tools-for-stm32.11.3.rel1.win32_1.1.100.202309141235/tools/bin/../lib/gcc/arm-none-eabi/11.3.1/thumb/v7e-m+fp/hard\libgcc.a(_arm_fixunsdfsi.o)
                0x00000000080008a4                __aeabi_d2uiz
                0x00000000080008a4                __fixunsdfsi
 .text          0x00000000080008e4       0xa0 C:/ST/STM32CubeIDE_1.14.1/STM32CubeIDE/plugins/com.st.stm32cube.ide.mcu.externaltools.gnu-tools-for-stm32.11.3.rel1.win32_1.1.100.202309141235/tools/bin/../lib/gcc/arm-none-eabi/11.3.1/thumb/v7e-m+fp/hard\libgcc.a(_arm_truncdfsf2.o)
                0x00000000080008e4                __truncdfsf2
                0x00000000080008e4                __aeabi_d2f
 *(.text*)
 .text.adc_filtreleme
                0x0000000008000984      0x574 ./Core/Src/adc_filter.o
                0x0000000008000984                adc_filtreleme
 .text.main     0x0000000008000ef8     0x189c ./Core/Src/main.o
                0x0000000008000ef8                main
 .text.SystemClock_Config
                0x0000000008002794       0xbe ./Core/Src/main.o
                0x0000000008002794                SystemClock_Config
 *fill*         0x0000000008002852        0x2 
 .text.MX_ADC1_Init
                0x0000000008002854      0x138 ./Core/Src/main.o
 .text.MX_ADC2_Init
                0x000000000800298c      0x148 ./Core/Src/main.o
 .text.MX_ADC3_Init
                0x0000000008002ad4      0x1dc ./Core/Src/main.o
 .text.MX_ADC4_Init
                0x0000000008002cb0      0x148 ./Core/Src/main.o
 .text.MX_TIM1_Init
                0x0000000008002df8       0xa8 ./Core/Src/main.o
 .text.MX_USART1_UART_Init
                0x0000000008002ea0       0x60 ./Core/Src/main.o
 .text.MX_DMA_Init
                0x0000000008002f00       0xd0 ./Core/Src/main.o
 .text.MX_GPIO_Init
                0x0000000008002fd0      0x168 ./Core/Src/main.o
 .text.HAL_TIM_PeriodElapsedCallback
                0x0000000008003138       0x5c ./Core/Src/main.o
                0x0000000008003138                HAL_TIM_PeriodElapsedCallback
 .text.Error_Handler
                0x0000000008003194        0xa ./Core/Src/main.o
                0x0000000008003194                Error_Handler
 *fill*         0x000000000800319e        0x2 
 .text.HAL_MspInit
                0x00000000080031a0       0x48 ./Core/Src/stm32f3xx_hal_msp.o
                0x00000000080031a0                HAL_MspInit
 .text.HAL_ADC_MspInit
                0x00000000080031e8      0x454 ./Core/Src/stm32f3xx_hal_msp.o
                0x00000000080031e8                HAL_ADC_MspInit
 .text.HAL_TIM_Base_MspInit
                0x000000000800363c       0x4c ./Core/Src/stm32f3xx_hal_msp.o
                0x000000000800363c                HAL_TIM_Base_MspInit
 .text.HAL_UART_MspInit
                0x0000000008003688       0x88 ./Core/Src/stm32f3xx_hal_msp.o
                0x0000000008003688                HAL_UART_MspInit
 .text.NMI_Handler
                0x0000000008003710        0x6 ./Core/Src/stm32f3xx_it.o
                0x0000000008003710                NMI_Handler
 .text.HardFault_Handler
                0x0000000008003716        0x6 ./Core/Src/stm32f3xx_it.o
                0x0000000008003716                HardFault_Handler
 .text.MemManage_Handler
                0x000000000800371c        0x6 ./Core/Src/stm32f3xx_it.o
                0x000000000800371c                MemManage_Handler
 .text.BusFault_Handler
                0x0000000008003722        0x6 ./Core/Src/stm32f3xx_it.o
                0x0000000008003722                BusFault_Handler
 .text.UsageFault_Handler
                0x0000000008003728        0x6 ./Core/Src/stm32f3xx_it.o
                0x0000000008003728                UsageFault_Handler
 .text.SVC_Handler
                0x000000000800372e        0xe ./Core/Src/stm32f3xx_it.o
                0x000000000800372e                SVC_Handler
 .text.DebugMon_Handler
                0x000000000800373c        0xe ./Core/Src/stm32f3xx_it.o
                0x000000000800373c                DebugMon_Handler
 .text.PendSV_Handler
                0x000000000800374a        0xe ./Core/Src/stm32f3xx_it.o
                0x000000000800374a                PendSV_Handler
 .text.SysTick_Handler
                0x0000000008003758        0xc ./Core/Src/stm32f3xx_it.o
                0x0000000008003758                SysTick_Handler
 .text.DMA1_Channel1_IRQHandler
                0x0000000008003764       0x14 ./Core/Src/stm32f3xx_it.o
                0x0000000008003764                DMA1_Channel1_IRQHandler
 .text.TIM1_UP_TIM16_IRQHandler
                0x0000000008003778       0x14 ./Core/Src/stm32f3xx_it.o
                0x0000000008003778                TIM1_UP_TIM16_IRQHandler
 .text.DMA2_Channel1_IRQHandler
                0x000000000800378c       0x14 ./Core/Src/stm32f3xx_it.o
                0x000000000800378c                DMA2_Channel1_IRQHandler
 .text.DMA2_Channel2_IRQHandler
                0x00000000080037a0       0x14 ./Core/Src/stm32f3xx_it.o
                0x00000000080037a0                DMA2_Channel2_IRQHandler
 .text.DMA2_Channel5_IRQHandler
                0x00000000080037b4       0x14 ./Core/Src/stm32f3xx_it.o
                0x00000000080037b4                DMA2_Channel5_IRQHandler
 .text.HAL_ADC_ConvCpltCallback
                0x00000000080037c8      0x4d0 ./Core/Src/stm32f3xx_it.o
                0x00000000080037c8                HAL_ADC_ConvCpltCallback
 .text.SystemInit
                0x0000000008003c98       0x24 ./Core/Src/system_stm32f3xx.o
                0x0000000008003c98                SystemInit
 .text.Reset_Handler
                0x0000000008003cbc       0x50 ./Core/Startup/startup_stm32f358vctx.o
                0x0000000008003cbc                Reset_Handler
 .text.Default_Handler
                0x0000000008003d0c        0x2 ./Core/Startup/startup_stm32f358vctx.o
                0x0000000008003d0c                RTC_Alarm_IRQHandler
                0x0000000008003d0c                TIM8_TRG_COM_IRQHandler
                0x0000000008003d0c                TIM8_CC_IRQHandler
                0x0000000008003d0c                TIM1_CC_IRQHandler
                0x0000000008003d0c                TAMP_STAMP_IRQHandler
                0x0000000008003d0c                EXTI3_IRQHandler
                0x0000000008003d0c                EXTI0_IRQHandler
                0x0000000008003d0c                I2C2_EV_IRQHandler
                0x0000000008003d0c                FPU_IRQHandler
                0x0000000008003d0c                CAN_TX_IRQHandler
                0x0000000008003d0c                ADC1_2_IRQHandler
                0x0000000008003d0c                SPI1_IRQHandler
                0x0000000008003d0c                CAN_SCE_IRQHandler
                0x0000000008003d0c                TIM6_DAC_IRQHandler
                0x0000000008003d0c                TIM8_UP_IRQHandler
                0x0000000008003d0c                DMA1_Channel4_IRQHandler
                0x0000000008003d0c                USART3_IRQHandler
                0x0000000008003d0c                DMA1_Channel7_IRQHandler
                0x0000000008003d0c                UART5_IRQHandler
                0x0000000008003d0c                ADC3_IRQHandler
                0x0000000008003d0c                TIM4_IRQHandler
                0x0000000008003d0c                CAN_RX1_IRQHandler
                0x0000000008003d0c                I2C1_EV_IRQHandler
                0x0000000008003d0c                DMA1_Channel6_IRQHandler
                0x0000000008003d0c                UART4_IRQHandler
                0x0000000008003d0c                DMA2_Channel4_IRQHandler
                0x0000000008003d0c                TIM3_IRQHandler
                0x0000000008003d0c                RCC_IRQHandler
                0x0000000008003d0c                Default_Handler
                0x0000000008003d0c                EXTI15_10_IRQHandler
                0x0000000008003d0c                TIM7_IRQHandler
                0x0000000008003d0c                EXTI9_5_IRQHandler
                0x0000000008003d0c                RTC_WKUP_IRQHandler
                0x0000000008003d0c                SPI2_IRQHandler
                0x0000000008003d0c                DMA1_Channel5_IRQHandler
                0x0000000008003d0c                EXTI4_IRQHandler
                0x0000000008003d0c                TIM1_TRG_COM_TIM17_IRQHandler
                0x0000000008003d0c                DMA1_Channel3_IRQHandler
                0x0000000008003d0c                ADC4_IRQHandler
                0x0000000008003d0c                WWDG_IRQHandler
                0x0000000008003d0c                TIM2_IRQHandler
                0x0000000008003d0c                COMP7_IRQHandler
                0x0000000008003d0c                COMP1_2_3_IRQHandler
                0x0000000008003d0c                EXTI1_IRQHandler
                0x0000000008003d0c                USART2_IRQHandler
                0x0000000008003d0c                COMP4_5_6_IRQHandler
                0x0000000008003d0c                I2C2_ER_IRQHandler
                0x0000000008003d0c                DMA1_Channel2_IRQHandler
                0x0000000008003d0c                TIM8_BRK_IRQHandler
                0x0000000008003d0c                FLASH_IRQHandler
                0x0000000008003d0c                USART1_IRQHandler
                0x0000000008003d0c                SPI3_IRQHandler
                0x0000000008003d0c                CAN_RX0_IRQHandler
                0x0000000008003d0c                I2C1_ER_IRQHandler
                0x0000000008003d0c                DMA2_Channel3_IRQHandler
                0x0000000008003d0c                EXTI2_TSC_IRQHandler
                0x0000000008003d0c                TIM1_BRK_TIM15_IRQHandler
 *fill*         0x0000000008003d0e        0x2 
 .text.HAL_Init
                0x0000000008003d10       0x2c ./Drivers/STM32F3xx_HAL_Driver/Src/stm32f3xx_hal.o
                0x0000000008003d10                HAL_Init
 .text.HAL_InitTick
                0x0000000008003d3c       0x60 ./Drivers/STM32F3xx_HAL_Driver/Src/stm32f3xx_hal.o
                0x0000000008003d3c                HAL_InitTick
 .text.HAL_IncTick
                0x0000000008003d9c       0x28 ./Drivers/STM32F3xx_HAL_Driver/Src/stm32f3xx_hal.o
                0x0000000008003d9c                HAL_IncTick
 .text.HAL_GetTick
                0x0000000008003dc4       0x18 ./Drivers/STM32F3xx_HAL_Driver/Src/stm32f3xx_hal.o
                0x0000000008003dc4                HAL_GetTick
 .text.HAL_Delay
                0x0000000008003ddc       0x48 ./Drivers/STM32F3xx_HAL_Driver/Src/stm32f3xx_hal.o
                0x0000000008003ddc                HAL_Delay
 .text.HAL_ADC_ConvHalfCpltCallback
                0x0000000008003e24       0x14 ./Drivers/STM32F3xx_HAL_Driver/Src/stm32f3xx_hal_adc.o
                0x0000000008003e24                HAL_ADC_ConvHalfCpltCallback
 .text.HAL_ADC_ErrorCallback
                0x0000000008003e38       0x14 ./Drivers/STM32F3xx_HAL_Driver/Src/stm32f3xx_hal_adc.o
                0x0000000008003e38                HAL_ADC_ErrorCallback
 .text.HAL_ADC_Init
                0x0000000008003e4c      0x3c0 ./Drivers/STM32F3xx_HAL_Driver/Src/stm32f3xx_hal_adc_ex.o
                0x0000000008003e4c                HAL_ADC_Init
 .text.HAL_ADC_Start_DMA
                0x000000000800420c      0x238 ./Drivers/STM32F3xx_HAL_Driver/Src/stm32f3xx_hal_adc_ex.o
                0x000000000800420c                HAL_ADC_Start_DMA
 .text.HAL_ADC_ConfigChannel
                0x0000000008004444      0x5d4 ./Drivers/STM32F3xx_HAL_Driver/Src/stm32f3xx_hal_adc_ex.o
                0x0000000008004444                HAL_ADC_ConfigChannel
 .text.HAL_ADCEx_MultiModeConfigChannel
                0x0000000008004a18      0x1e4 ./Drivers/STM32F3xx_HAL_Driver/Src/stm32f3xx_hal_adc_ex.o
                0x0000000008004a18                HAL_ADCEx_MultiModeConfigChannel
 .text.ADC_DMAConvCplt
                0x0000000008004bfc       0x7a ./Drivers/STM32F3xx_HAL_Driver/Src/stm32f3xx_hal_adc_ex.o
 .text.ADC_DMAHalfConvCplt
                0x0000000008004c76       0x1c ./Drivers/STM32F3xx_HAL_Driver/Src/stm32f3xx_hal_adc_ex.o
 .text.ADC_DMAError
                0x0000000008004c92       0x34 ./Drivers/STM32F3xx_HAL_Driver/Src/stm32f3xx_hal_adc_ex.o
 *fill*         0x0000000008004cc6        0x2 
 .text.ADC_Enable
                0x0000000008004cc8       0xc8 ./Drivers/STM32F3xx_HAL_Driver/Src/stm32f3xx_hal_adc_ex.o
 .text.ADC_Disable
                0x0000000008004d90       0xcc ./Drivers/STM32F3xx_HAL_Driver/Src/stm32f3xx_hal_adc_ex.o
 .text.__NVIC_SetPriorityGrouping
                0x0000000008004e5c       0x48 ./Drivers/STM32F3xx_HAL_Driver/Src/stm32f3xx_hal_cortex.o
 .text.__NVIC_GetPriorityGrouping
                0x0000000008004ea4       0x1c ./Drivers/STM32F3xx_HAL_Driver/Src/stm32f3xx_hal_cortex.o
 .text.__NVIC_EnableIRQ
                0x0000000008004ec0       0x3c ./Drivers/STM32F3xx_HAL_Driver/Src/stm32f3xx_hal_cortex.o
 .text.__NVIC_SetPriority
                0x0000000008004efc       0x54 ./Drivers/STM32F3xx_HAL_Driver/Src/stm32f3xx_hal_cortex.o
 .text.NVIC_EncodePriority
                0x0000000008004f50       0x66 ./Drivers/STM32F3xx_HAL_Driver/Src/stm32f3xx_hal_cortex.o
 *fill*         0x0000000008004fb6        0x2 
 .text.SysTick_Config
                0x0000000008004fb8       0x44 ./Drivers/STM32F3xx_HAL_Driver/Src/stm32f3xx_hal_cortex.o
 .text.HAL_NVIC_SetPriorityGrouping
                0x0000000008004ffc       0x16 ./Drivers/STM32F3xx_HAL_Driver/Src/stm32f3xx_hal_cortex.o
                0x0000000008004ffc                HAL_NVIC_SetPriorityGrouping
 .text.HAL_NVIC_SetPriority
                0x0000000008005012       0x38 ./Drivers/STM32F3xx_HAL_Driver/Src/stm32f3xx_hal_cortex.o
                0x0000000008005012                HAL_NVIC_SetPriority
 .text.HAL_NVIC_EnableIRQ
                0x000000000800504a       0x1c ./Drivers/STM32F3xx_HAL_Driver/Src/stm32f3xx_hal_cortex.o
                0x000000000800504a                HAL_NVIC_EnableIRQ
 .text.HAL_SYSTICK_Config
                0x0000000008005066       0x18 ./Drivers/STM32F3xx_HAL_Driver/Src/stm32f3xx_hal_cortex.o
                0x0000000008005066                HAL_SYSTICK_Config
 .text.HAL_DMA_Init
                0x000000000800507e       0x8e ./Drivers/STM32F3xx_HAL_Driver/Src/stm32f3xx_hal_dma.o
                0x000000000800507e                HAL_DMA_Init
 .text.HAL_DMA_Start_IT
                0x000000000800510c       0xbe ./Drivers/STM32F3xx_HAL_Driver/Src/stm32f3xx_hal_dma.o
                0x000000000800510c                HAL_DMA_Start_IT
 .text.HAL_DMA_IRQHandler
                0x00000000080051ca      0x146 ./Drivers/STM32F3xx_HAL_Driver/Src/stm32f3xx_hal_dma.o
                0x00000000080051ca                HAL_DMA_IRQHandler
 .text.DMA_SetConfig
                0x0000000008005310       0x5c ./Drivers/STM32F3xx_HAL_Driver/Src/stm32f3xx_hal_dma.o
 .text.DMA_CalcBaseAndBitshift
                0x000000000800536c       0x78 ./Drivers/STM32F3xx_HAL_Driver/Src/stm32f3xx_hal_dma.o
 .text.HAL_GPIO_Init
                0x00000000080053e4      0x2f4 ./Drivers/STM32F3xx_HAL_Driver/Src/stm32f3xx_hal_gpio.o
                0x00000000080053e4                HAL_GPIO_Init
 .text.HAL_GPIO_WritePin
                0x00000000080056d8       0x30 ./Drivers/STM32F3xx_HAL_Driver/Src/stm32f3xx_hal_gpio.o
                0x00000000080056d8                HAL_GPIO_WritePin
 .text.HAL_RCC_OscConfig
                0x0000000008005708     0x107c ./Drivers/STM32F3xx_HAL_Driver/Src/stm32f3xx_hal_rcc.o
                0x0000000008005708                HAL_RCC_OscConfig
 .text.HAL_RCC_ClockConfig
                0x0000000008006784      0x2f8 ./Drivers/STM32F3xx_HAL_Driver/Src/stm32f3xx_hal_rcc.o
                0x0000000008006784                HAL_RCC_ClockConfig
 .text.HAL_RCC_GetSysClockFreq
                0x0000000008006a7c       0xd4 ./Drivers/STM32F3xx_HAL_Driver/Src/stm32f3xx_hal_rcc.o
                0x0000000008006a7c                HAL_RCC_GetSysClockFreq
 .text.HAL_RCC_GetHCLKFreq
                0x0000000008006b50       0x18 ./Drivers/STM32F3xx_HAL_Driver/Src/stm32f3xx_hal_rcc.o
                0x0000000008006b50                HAL_RCC_GetHCLKFreq
 .text.HAL_RCC_GetPCLK1Freq
                0x0000000008006b68       0x44 ./Drivers/STM32F3xx_HAL_Driver/Src/stm32f3xx_hal_rcc.o
                0x0000000008006b68                HAL_RCC_GetPCLK1Freq
 .text.HAL_RCC_GetPCLK2Freq
                0x0000000008006bac       0x44 ./Drivers/STM32F3xx_HAL_Driver/Src/stm32f3xx_hal_rcc.o
                0x0000000008006bac                HAL_RCC_GetPCLK2Freq
 .text.HAL_RCCEx_PeriphCLKConfig
                0x0000000008006bf0      0x344 ./Drivers/STM32F3xx_HAL_Driver/Src/stm32f3xx_hal_rcc_ex.o
                0x0000000008006bf0                HAL_RCCEx_PeriphCLKConfig
 .text.HAL_TIM_Base_Init
                0x0000000008006f34       0xae ./Drivers/STM32F3xx_HAL_Driver/Src/stm32f3xx_hal_tim.o
                0x0000000008006f34                HAL_TIM_Base_Init
 *fill*         0x0000000008006fe2        0x2 
 .text.HAL_TIM_Base_Start_IT
                0x0000000008006fe4       0xd4 ./Drivers/STM32F3xx_HAL_Driver/Src/stm32f3xx_hal_tim.o
                0x0000000008006fe4                HAL_TIM_Base_Start_IT
 .text.HAL_TIM_IRQHandler
                0x00000000080070b8      0x23e ./Drivers/STM32F3xx_HAL_Driver/Src/stm32f3xx_hal_tim.o
                0x00000000080070b8                HAL_TIM_IRQHandler
 .text.HAL_TIM_ConfigClockSource
                0x00000000080072f6      0x192 ./Drivers/STM32F3xx_HAL_Driver/Src/stm32f3xx_hal_tim.o
                0x00000000080072f6                HAL_TIM_ConfigClockSource
 .text.HAL_TIM_OC_DelayElapsedCallback
                0x0000000008007488       0x14 ./Drivers/STM32F3xx_HAL_Driver/Src/stm32f3xx_hal_tim.o
                0x0000000008007488                HAL_TIM_OC_DelayElapsedCallback
 .text.HAL_TIM_IC_CaptureCallback
                0x000000000800749c       0x14 ./Drivers/STM32F3xx_HAL_Driver/Src/stm32f3xx_hal_tim.o
                0x000000000800749c                HAL_TIM_IC_CaptureCallback
 .text.HAL_TIM_PWM_PulseFinishedCallback
                0x00000000080074b0       0x14 ./Drivers/STM32F3xx_HAL_Driver/Src/stm32f3xx_hal_tim.o
                0x00000000080074b0                HAL_TIM_PWM_PulseFinishedCallback
 .text.HAL_TIM_TriggerCallback
                0x00000000080074c4       0x14 ./Drivers/STM32F3xx_HAL_Driver/Src/stm32f3xx_hal_tim.o
                0x00000000080074c4                HAL_TIM_TriggerCallback
 .text.TIM_Base_SetConfig
                0x00000000080074d8      0x120 ./Drivers/STM32F3xx_HAL_Driver/Src/stm32f3xx_hal_tim.o
                0x00000000080074d8                TIM_Base_SetConfig
 .text.TIM_TI1_ConfigInputStage
                0x00000000080075f8       0x5e ./Drivers/STM32F3xx_HAL_Driver/Src/stm32f3xx_hal_tim.o
 .text.TIM_TI2_ConfigInputStage
                0x0000000008007656       0x60 ./Drivers/STM32F3xx_HAL_Driver/Src/stm32f3xx_hal_tim.o
 .text.TIM_ITRx_SetConfig
                0x00000000080076b6       0x36 ./Drivers/STM32F3xx_HAL_Driver/Src/stm32f3xx_hal_tim.o
 .text.TIM_ETR_SetConfig
                0x00000000080076ec       0x40 ./Drivers/STM32F3xx_HAL_Driver/Src/stm32f3xx_hal_tim.o
                0x00000000080076ec                TIM_ETR_SetConfig
 .text.HAL_TIMEx_MasterConfigSynchronization
                0x000000000800772c      0x100 ./Drivers/STM32F3xx_HAL_Driver/Src/stm32f3xx_hal_tim_ex.o
                0x000000000800772c                HAL_TIMEx_MasterConfigSynchronization
 .text.HAL_TIMEx_CommutCallback
                0x000000000800782c       0x14 ./Drivers/STM32F3xx_HAL_Driver/Src/stm32f3xx_hal_tim_ex.o
                0x000000000800782c                HAL_TIMEx_CommutCallback
 .text.HAL_TIMEx_BreakCallback
                0x0000000008007840       0x14 ./Drivers/STM32F3xx_HAL_Driver/Src/stm32f3xx_hal_tim_ex.o
                0x0000000008007840                HAL_TIMEx_BreakCallback
 .text.HAL_TIMEx_Break2Callback
                0x0000000008007854       0x14 ./Drivers/STM32F3xx_HAL_Driver/Src/stm32f3xx_hal_tim_ex.o
                0x0000000008007854                HAL_TIMEx_Break2Callback
 .text.HAL_UART_Init
                0x0000000008007868       0x9c ./Drivers/STM32F3xx_HAL_Driver/Src/stm32f3xx_hal_uart.o
                0x0000000008007868                HAL_UART_Init
 .text.HAL_UART_Transmit
                0x0000000008007904      0x128 ./Drivers/STM32F3xx_HAL_Driver/Src/stm32f3xx_hal_uart.o
                0x0000000008007904                HAL_UART_Transmit
 .text.UART_SetConfig
                0x0000000008007a2c      0x3ac ./Drivers/STM32F3xx_HAL_Driver/Src/stm32f3xx_hal_uart.o
                0x0000000008007a2c                UART_SetConfig
 .text.UART_AdvFeatureConfig
                0x0000000008007dd8      0x144 ./Drivers/STM32F3xx_HAL_Driver/Src/stm32f3xx_hal_uart.o
                0x0000000008007dd8                UART_AdvFeatureConfig
 .text.UART_CheckIdleState
                0x0000000008007f1c       0x92 ./Drivers/STM32F3xx_HAL_Driver/Src/stm32f3xx_hal_uart.o
                0x0000000008007f1c                UART_CheckIdleState
 .text.UART_WaitOnFlagUntilTimeout
                0x0000000008007fae      0x188 ./Drivers/STM32F3xx_HAL_Driver/Src/stm32f3xx_hal_uart.o
                0x0000000008007fae                UART_WaitOnFlagUntilTimeout
 .text.memset   0x0000000008008136       0x10 C:/ST/STM32CubeIDE_1.14.1/STM32CubeIDE/plugins/com.st.stm32cube.ide.mcu.externaltools.gnu-tools-for-stm32.11.3.rel1.win32_1.1.100.202309141235/tools/bin/../lib/gcc/arm-none-eabi/11.3.1/../../../../arm-none-eabi/lib/thumb/v7e-m+fp/hard\libc_nano.a(libc_a-memset.o)
                0x0000000008008136                memset
 *fill*         0x0000000008008146        0x2 
 .text.__libc_init_array
                0x0000000008008148       0x48 C:/ST/STM32CubeIDE_1.14.1/STM32CubeIDE/plugins/com.st.stm32cube.ide.mcu.externaltools.gnu-tools-for-stm32.11.3.rel1.win32_1.1.100.202309141235/tools/bin/../lib/gcc/arm-none-eabi/11.3.1/../../../../arm-none-eabi/lib/thumb/v7e-m+fp/hard\libc_nano.a(libc_a-init.o)
                0x0000000008008148                __libc_init_array
 *(.glue_7)
 .glue_7        0x0000000008008190        0x0 linker stubs
 *(.glue_7t)
 .glue_7t       0x0000000008008190        0x0 linker stubs
 *(.eh_frame)
 .eh_frame      0x0000000008008190        0x0 C:/ST/STM32CubeIDE_1.14.1/STM32CubeIDE/plugins/com.st.stm32cube.ide.mcu.externaltools.gnu-tools-for-stm32.11.3.rel1.win32_1.1.100.202309141235/tools/bin/../lib/gcc/arm-none-eabi/11.3.1/thumb/v7e-m+fp/hard/crtbegin.o
 *(.init)
 .init          0x0000000008008190        0x4 C:/ST/STM32CubeIDE_1.14.1/STM32CubeIDE/plugins/com.st.stm32cube.ide.mcu.externaltools.gnu-tools-for-stm32.11.3.rel1.win32_1.1.100.202309141235/tools/bin/../lib/gcc/arm-none-eabi/11.3.1/thumb/v7e-m+fp/hard/crti.o
                0x0000000008008190                _init
 .init          0x0000000008008194        0x8 C:/ST/STM32CubeIDE_1.14.1/STM32CubeIDE/plugins/com.st.stm32cube.ide.mcu.externaltools.gnu-tools-for-stm32.11.3.rel1.win32_1.1.100.202309141235/tools/bin/../lib/gcc/arm-none-eabi/11.3.1/thumb/v7e-m+fp/hard/crtn.o
 *(.fini)
 .fini          0x000000000800819c        0x4 C:/ST/STM32CubeIDE_1.14.1/STM32CubeIDE/plugins/com.st.stm32cube.ide.mcu.externaltools.gnu-tools-for-stm32.11.3.rel1.win32_1.1.100.202309141235/tools/bin/../lib/gcc/arm-none-eabi/11.3.1/thumb/v7e-m+fp/hard/crti.o
                0x000000000800819c                _fini
 .fini          0x00000000080081a0        0x8 C:/ST/STM32CubeIDE_1.14.1/STM32CubeIDE/plugins/com.st.stm32cube.ide.mcu.externaltools.gnu-tools-for-stm32.11.3.rel1.win32_1.1.100.202309141235/tools/bin/../lib/gcc/arm-none-eabi/11.3.1/thumb/v7e-m+fp/hard/crtn.o
                0x00000000080081a8                . = ALIGN (0x4)
                0x00000000080081a8                _etext = .

.vfp11_veneer   0x00000000080081a8        0x0
 .vfp11_veneer  0x00000000080081a8        0x0 linker stubs

.v4_bx          0x00000000080081a8        0x0
 .v4_bx         0x00000000080081a8        0x0 linker stubs

.iplt           0x00000000080081a8        0x0
 .iplt          0x00000000080081a8        0x0 C:/ST/STM32CubeIDE_1.14.1/STM32CubeIDE/plugins/com.st.stm32cube.ide.mcu.externaltools.gnu-tools-for-stm32.11.3.rel1.win32_1.1.100.202309141235/tools/bin/../lib/gcc/arm-none-eabi/11.3.1/thumb/v7e-m+fp/hard/crtbegin.o

.rodata         0x00000000080081a8       0x38
                0x00000000080081a8                . = ALIGN (0x4)
 *(.rodata)
 *(.rodata*)
 .rodata.AHBPrescTable
                0x00000000080081a8       0x10 ./Core/Src/system_stm32f3xx.o
                0x00000000080081a8                AHBPrescTable
 .rodata.APBPrescTable
                0x00000000080081b8        0x8 ./Core/Src/system_stm32f3xx.o
                0x00000000080081b8                APBPrescTable
 .rodata.aPLLMULFactorTable
                0x00000000080081c0       0x10 ./Drivers/STM32F3xx_HAL_Driver/Src/stm32f3xx_hal_rcc.o
                0x00000000080081c0                aPLLMULFactorTable
 .rodata.aPredivFactorTable
                0x00000000080081d0       0x10 ./Drivers/STM32F3xx_HAL_Driver/Src/stm32f3xx_hal_rcc.o
                0x00000000080081d0                aPredivFactorTable
                0x00000000080081e0                . = ALIGN (0x4)

.rel.dyn        0x00000000080081e0        0x0
 .rel.iplt      0x00000000080081e0        0x0 C:/ST/STM32CubeIDE_1.14.1/STM32CubeIDE/plugins/com.st.stm32cube.ide.mcu.externaltools.gnu-tools-for-stm32.11.3.rel1.win32_1.1.100.202309141235/tools/bin/../lib/gcc/arm-none-eabi/11.3.1/thumb/v7e-m+fp/hard/crtbegin.o

.ARM.extab      0x00000000080081e0        0x0
                0x00000000080081e0                . = ALIGN (0x4)
 *(.ARM.extab* .gnu.linkonce.armextab.*)
                0x00000000080081e0                . = ALIGN (0x4)

.ARM            0x00000000080081e0        0x0
                0x00000000080081e0                . = ALIGN (0x4)
                0x00000000080081e0                __exidx_start = .
 *(.ARM.exidx*)
                0x00000000080081e0                __exidx_end = .
                0x00000000080081e0                . = ALIGN (0x4)

.preinit_array  0x00000000080081e0        0x0
                0x00000000080081e0                . = ALIGN (0x4)
                0x00000000080081e0                PROVIDE (__preinit_array_start = .)
 *(.preinit_array*)
                0x00000000080081e0                PROVIDE (__preinit_array_end = .)
                0x00000000080081e0                . = ALIGN (0x4)

.init_array     0x00000000080081e0        0x4
                0x00000000080081e0                . = ALIGN (0x4)
                0x00000000080081e0                PROVIDE (__init_array_start = .)
 *(SORT_BY_NAME(.init_array.*))
 *(.init_array*)
 .init_array    0x00000000080081e0        0x4 C:/ST/STM32CubeIDE_1.14.1/STM32CubeIDE/plugins/com.st.stm32cube.ide.mcu.externaltools.gnu-tools-for-stm32.11.3.rel1.win32_1.1.100.202309141235/tools/bin/../lib/gcc/arm-none-eabi/11.3.1/thumb/v7e-m+fp/hard/crtbegin.o
                0x00000000080081e4                PROVIDE (__init_array_end = .)
                0x00000000080081e4                . = ALIGN (0x4)

.fini_array     0x00000000080081e4        0x4
                0x00000000080081e4                . = ALIGN (0x4)
                [!provide]                        PROVIDE (__fini_array_start = .)
 *(SORT_BY_NAME(.fini_array.*))
 *(.fini_array*)
 .fini_array    0x00000000080081e4        0x4 C:/ST/STM32CubeIDE_1.14.1/STM32CubeIDE/plugins/com.st.stm32cube.ide.mcu.externaltools.gnu-tools-for-stm32.11.3.rel1.win32_1.1.100.202309141235/tools/bin/../lib/gcc/arm-none-eabi/11.3.1/thumb/v7e-m+fp/hard/crtbegin.o
                [!provide]                        PROVIDE (__fini_array_end = .)
                0x00000000080081e8                . = ALIGN (0x4)
                0x00000000080081e8                _sidata = LOADADDR (.data)

.data           0x0000000020000000       0x20 load address 0x00000000080081e8
                0x0000000020000000                . = ALIGN (0x4)
                0x0000000020000000                _sdata = .
 *(.data)
 *(.data*)
 .data.temp1    0x0000000020000000        0x4 ./Core/Src/main.o
                0x0000000020000000                temp1
 .data.temp2    0x0000000020000004        0x4 ./Core/Src/main.o
                0x0000000020000004                temp2
 .data.temp3    0x0000000020000008        0x4 ./Core/Src/main.o
                0x0000000020000008                temp3
 .data.temp4    0x000000002000000c        0x4 ./Core/Src/main.o
                0x000000002000000c                temp4
 .data.temp5    0x0000000020000010        0x4 ./Core/Src/main.o
                0x0000000020000010                temp5
 .data.SystemCoreClock
                0x0000000020000014        0x4 ./Core/Src/system_stm32f3xx.o
                0x0000000020000014                SystemCoreClock
 .data.uwTickPrio
                0x0000000020000018        0x4 ./Drivers/STM32F3xx_HAL_Driver/Src/stm32f3xx_hal.o
                0x0000000020000018                uwTickPrio
 .data.uwTickFreq
                0x000000002000001c        0x1 ./Drivers/STM32F3xx_HAL_Driver/Src/stm32f3xx_hal.o
                0x000000002000001c                uwTickFreq
 *(.RamFunc)
 *(.RamFunc*)
                0x0000000020000020                . = ALIGN (0x4)
 *fill*         0x000000002000001d        0x3 
                0x0000000020000020                _edata = .

.igot.plt       0x0000000020000020        0x0 load address 0x0000000008008208
 .igot.plt      0x0000000020000020        0x0 C:/ST/STM32CubeIDE_1.14.1/STM32CubeIDE/plugins/com.st.stm32cube.ide.mcu.externaltools.gnu-tools-for-stm32.11.3.rel1.win32_1.1.100.202309141235/tools/bin/../lib/gcc/arm-none-eabi/11.3.1/thumb/v7e-m+fp/hard/crtbegin.o
                0x0000000020000020                . = ALIGN (0x4)

.bss            0x0000000020000020      0x5c4 load address 0x0000000008008208
                0x0000000020000020                _sbss = .
                0x0000000020000020                __bss_start__ = _sbss
 *(.bss)
 .bss           0x0000000020000020       0x1c C:/ST/STM32CubeIDE_1.14.1/STM32CubeIDE/plugins/com.st.stm32cube.ide.mcu.externaltools.gnu-tools-for-stm32.11.3.rel1.win32_1.1.100.202309141235/tools/bin/../lib/gcc/arm-none-eabi/11.3.1/thumb/v7e-m+fp/hard/crtbegin.o
 *(.bss*)
 .bss.bakx      0x000000002000003c        0x1 ./Core/Src/adc_filter.o
                0x000000002000003c                bakx
 *fill*         0x000000002000003d        0x3 
 .bss.hadc1     0x0000000020000040       0x50 ./Core/Src/main.o
                0x0000000020000040                hadc1
 .bss.hadc2     0x0000000020000090       0x50 ./Core/Src/main.o
                0x0000000020000090                hadc2
 .bss.hadc3     0x00000000200000e0       0x50 ./Core/Src/main.o
                0x00000000200000e0                hadc3
 .bss.hadc4     0x0000000020000130       0x50 ./Core/Src/main.o
                0x0000000020000130                hadc4
 .bss.hdma_adc1
                0x0000000020000180       0x44 ./Core/Src/main.o
                0x0000000020000180                hdma_adc1
 .bss.hdma_adc2
                0x00000000200001c4       0x44 ./Core/Src/main.o
                0x00000000200001c4                hdma_adc2
 .bss.hdma_adc3
                0x0000000020000208       0x44 ./Core/Src/main.o
                0x0000000020000208                hdma_adc3
 .bss.hdma_adc4
                0x000000002000024c       0x44 ./Core/Src/main.o
                0x000000002000024c                hdma_adc4
 .bss.htim1     0x0000000020000290       0x4c ./Core/Src/main.o
                0x0000000020000290                htim1
 .bss.huart1    0x00000000200002dc       0x84 ./Core/Src/main.o
                0x00000000200002dc                huart1
 .bss.hdma_memtomem_dma1_channel2
                0x0000000020000360       0x44 ./Core/Src/main.o
                0x0000000020000360                hdma_memtomem_dma1_channel2
 .bss.temp      0x00000000200003a4        0x4 ./Core/Src/main.o
                0x00000000200003a4                temp
 .bss.temp_ort  0x00000000200003a8        0x4 ./Core/Src/main.o
                0x00000000200003a8                temp_ort
 .bss.temprature
                0x00000000200003ac        0x4 ./Core/Src/main.o
                0x00000000200003ac                temprature
 .bss.bak_temp  0x00000000200003b0        0x1 ./Core/Src/main.o
                0x00000000200003b0                bak_temp
 .bss.soc       0x00000000200003b1        0x1 ./Core/Src/main.o
                0x00000000200003b1                soc
 *fill*         0x00000000200003b2        0x2 
 .bss.HAL_RCC_ADC12_CLK_ENABLED
                0x00000000200003b4        0x4 ./Core/Src/stm32f3xx_hal_msp.o
 .bss.HAL_RCC_ADC34_CLK_ENABLED
                0x00000000200003b8        0x4 ./Core/Src/stm32f3xx_hal_msp.o
 .bss.bat1      0x00000000200003bc        0x4 ./Core/Src/stm32f3xx_it.o
                0x00000000200003bc                bat1
 .bss.bat2      0x00000000200003c0        0x4 ./Core/Src/stm32f3xx_it.o
                0x00000000200003c0                bat2
 .bss.bat3      0x00000000200003c4        0x4 ./Core/Src/stm32f3xx_it.o
                0x00000000200003c4                bat3
 .bss.bat4      0x00000000200003c8        0x4 ./Core/Src/stm32f3xx_it.o
                0x00000000200003c8                bat4
 .bss.bat5      0x00000000200003cc        0x4 ./Core/Src/stm32f3xx_it.o
                0x00000000200003cc                bat5
 .bss.bat6      0x00000000200003d0        0x4 ./Core/Src/stm32f3xx_it.o
                0x00000000200003d0                bat6
 .bss.bat7      0x00000000200003d4        0x4 ./Core/Src/stm32f3xx_it.o
                0x00000000200003d4                bat7
 .bss.bat8      0x00000000200003d8        0x4 ./Core/Src/stm32f3xx_it.o
                0x00000000200003d8                bat8
 .bss.bat9      0x00000000200003dc        0x4 ./Core/Src/stm32f3xx_it.o
                0x00000000200003dc                bat9
 .bss.bat10     0x00000000200003e0        0x4 ./Core/Src/stm32f3xx_it.o
                0x00000000200003e0                bat10
 .bss.bat11     0x00000000200003e4        0x4 ./Core/Src/stm32f3xx_it.o
                0x00000000200003e4                bat11
 .bss.bat12     0x00000000200003e8        0x4 ./Core/Src/stm32f3xx_it.o
                0x00000000200003e8                bat12
 .bss.bat13     0x00000000200003ec        0x4 ./Core/Src/stm32f3xx_it.o
                0x00000000200003ec                bat13
 .bss.bat14     0x00000000200003f0        0x4 ./Core/Src/stm32f3xx_it.o
                0x00000000200003f0                bat14
 .bss.bat15     0x00000000200003f4        0x4 ./Core/Src/stm32f3xx_it.o
                0x00000000200003f4                bat15
 .bss.bat16     0x00000000200003f8        0x4 ./Core/Src/stm32f3xx_it.o
                0x00000000200003f8                bat16
 .bss.bat17     0x00000000200003fc        0x4 ./Core/Src/stm32f3xx_it.o
                0x00000000200003fc                bat17
 .bss.bat18     0x0000000020000400        0x4 ./Core/Src/stm32f3xx_it.o
                0x0000000020000400                bat18
 .bss.bat19     0x0000000020000404        0x4 ./Core/Src/stm32f3xx_it.o
                0x0000000020000404                bat19
 .bss.bat20     0x0000000020000408        0x4 ./Core/Src/stm32f3xx_it.o
                0x0000000020000408                bat20
 .bss.vdda      0x000000002000040c        0x4 ./Core/Src/stm32f3xx_it.o
                0x000000002000040c                vdda
 .bss.bat1_carp
                0x0000000020000410        0x4 ./Core/Src/timer.o
                0x0000000020000410                bat1_carp
 .bss.bat2_carp
                0x0000000020000414        0x4 ./Core/Src/timer.o
                0x0000000020000414                bat2_carp
 .bss.bat3_carp
                0x0000000020000418        0x4 ./Core/Src/timer.o
                0x0000000020000418                bat3_carp
 .bss.bat4_carp
                0x000000002000041c        0x4 ./Core/Src/timer.o
                0x000000002000041c                bat4_carp
 .bss.bat5_carp
                0x0000000020000420        0x4 ./Core/Src/timer.o
                0x0000000020000420                bat5_carp
 .bss.bat6_carp
                0x0000000020000424        0x4 ./Core/Src/timer.o
                0x0000000020000424                bat6_carp
 .bss.bat7_carp
                0x0000000020000428        0x4 ./Core/Src/timer.o
                0x0000000020000428                bat7_carp
 .bss.bat8_carp
                0x000000002000042c        0x4 ./Core/Src/timer.o
                0x000000002000042c                bat8_carp
 .bss.bat9_carp
                0x0000000020000430        0x4 ./Core/Src/timer.o
                0x0000000020000430                bat9_carp
 .bss.bat10_carp
                0x0000000020000434        0x4 ./Core/Src/timer.o
                0x0000000020000434                bat10_carp
 .bss.bat11_carp
                0x0000000020000438        0x4 ./Core/Src/timer.o
                0x0000000020000438                bat11_carp
 .bss.bat12_carp
                0x000000002000043c        0x4 ./Core/Src/timer.o
                0x000000002000043c                bat12_carp
 .bss.bat13_carp
                0x0000000020000440        0x4 ./Core/Src/timer.o
                0x0000000020000440                bat13_carp
 .bss.bat14_carp
                0x0000000020000444        0x4 ./Core/Src/timer.o
                0x0000000020000444                bat14_carp
 .bss.bat15_carp
                0x0000000020000448        0x4 ./Core/Src/timer.o
                0x0000000020000448                bat15_carp
 .bss.bat16_carp
                0x000000002000044c        0x4 ./Core/Src/timer.o
                0x000000002000044c                bat16_carp
 .bss.bat17_carp
                0x0000000020000450        0x4 ./Core/Src/timer.o
                0x0000000020000450                bat17_carp
 .bss.bat18_carp
                0x0000000020000454        0x4 ./Core/Src/timer.o
                0x0000000020000454                bat18_carp
 .bss.bat19_carp
                0x0000000020000458        0x4 ./Core/Src/timer.o
                0x0000000020000458                bat19_carp
 .bss.bat20_carp
                0x000000002000045c        0x4 ./Core/Src/timer.o
                0x000000002000045c                bat20_carp
 .bss.battery_ort
                0x0000000020000460        0x4 ./Core/Src/timer.o
                0x0000000020000460                battery_ort
 .bss.battery_toplam
                0x0000000020000464        0x4 ./Core/Src/timer.o
                0x0000000020000464                battery_toplam
 .bss.timer_500ms
                0x0000000020000468        0x1 ./Core/Src/var.o
                0x0000000020000468                timer_500ms
 .bss.yarim_sayicisi
                0x0000000020000469        0x1 ./Core/Src/var.o
                0x0000000020000469                yarim_sayicisi
 .bss.batmsg1   0x000000002000046a        0x1 ./Core/Src/var.o
                0x000000002000046a                batmsg1
 .bss.batmsg2   0x000000002000046b        0x1 ./Core/Src/var.o
                0x000000002000046b                batmsg2
 .bss.batmsg3   0x000000002000046c        0x1 ./Core/Src/var.o
                0x000000002000046c                batmsg3
 .bss.batmsg4   0x000000002000046d        0x1 ./Core/Src/var.o
                0x000000002000046d                batmsg4
 .bss.batmsg5   0x000000002000046e        0x1 ./Core/Src/var.o
                0x000000002000046e                batmsg5
 .bss.batmsg6   0x000000002000046f        0x1 ./Core/Src/var.o
                0x000000002000046f                batmsg6
 .bss.batmsg7   0x0000000020000470        0x1 ./Core/Src/var.o
                0x0000000020000470                batmsg7
 .bss.batmsg8   0x0000000020000471        0x1 ./Core/Src/var.o
                0x0000000020000471                batmsg8
 .bss.batmsg9   0x0000000020000472        0x1 ./Core/Src/var.o
                0x0000000020000472                batmsg9
 .bss.batmsg10  0x0000000020000473        0x1 ./Core/Src/var.o
                0x0000000020000473                batmsg10
 .bss.batmsg11  0x0000000020000474        0x1 ./Core/Src/var.o
                0x0000000020000474                batmsg11
 .bss.batmsg12  0x0000000020000475        0x1 ./Core/Src/var.o
                0x0000000020000475                batmsg12
 .bss.batmsg13  0x0000000020000476        0x1 ./Core/Src/var.o
                0x0000000020000476                batmsg13
 .bss.batmsg14  0x0000000020000477        0x1 ./Core/Src/var.o
                0x0000000020000477                batmsg14
 .bss.batmsg15  0x0000000020000478        0x1 ./Core/Src/var.o
                0x0000000020000478                batmsg15
 .bss.batmsg16  0x0000000020000479        0x1 ./Core/Src/var.o
                0x0000000020000479                batmsg16
 .bss.batmsg17  0x000000002000047a        0x1 ./Core/Src/var.o
                0x000000002000047a                batmsg17
 .bss.batmsg18  0x000000002000047b        0x1 ./Core/Src/var.o
                0x000000002000047b                batmsg18
 .bss.batmsg19  0x000000002000047c        0x1 ./Core/Src/var.o
                0x000000002000047c                batmsg19
 .bss.batmsg20  0x000000002000047d        0x1 ./Core/Src/var.o
                0x000000002000047d                batmsg20
 *fill*         0x000000002000047e        0x2 
 .bss.adc1_buffer
                0x0000000020000480       0x28 ./Core/Src/var.o
                0x0000000020000480                adc1_buffer
 .bss.adc2_buffer
                0x00000000200004a8       0x28 ./Core/Src/var.o
                0x00000000200004a8                adc2_buffer
 .bss.adc3_buffer
                0x00000000200004d0       0x3c ./Core/Src/var.o
                0x00000000200004d0                adc3_buffer
 .bss.adc4_buffer
                0x000000002000050c       0x28 ./Core/Src/var.o
                0x000000002000050c                adc4_buffer
 .bss.timer_saniye
                0x0000000020000534        0x1 ./Core/Src/var.o
                0x0000000020000534                timer_saniye
 .bss.saniye_dallanma_sayicisi
                0x0000000020000535        0x1 ./Core/Src/var.o
                0x0000000020000535                saniye_dallanma_sayicisi
 .bss.adc_saniye
                0x0000000020000536        0x1 ./Core/Src/var.o
                0x0000000020000536                adc_saniye
 *fill*         0x0000000020000537        0x1 
 .bss.vtop      0x0000000020000538        0x4 ./Core/Src/var.o
                0x0000000020000538                vtop
 .bss.vort      0x000000002000053c        0x4 ./Core/Src/var.o
                0x000000002000053c                vort
 .bss.bat1_top  0x0000000020000540        0x4 ./Core/Src/var.o
                0x0000000020000540                bat1_top
 .bss.bat1_ort  0x0000000020000544        0x4 ./Core/Src/var.o
                0x0000000020000544                bat1_ort
 .bss.bat2_top  0x0000000020000548        0x4 ./Core/Src/var.o
                0x0000000020000548                bat2_top
 .bss.bat2_ort  0x000000002000054c        0x4 ./Core/Src/var.o
                0x000000002000054c                bat2_ort
 .bss.bat3_top  0x0000000020000550        0x4 ./Core/Src/var.o
                0x0000000020000550                bat3_top
 .bss.bat3_ort  0x0000000020000554        0x4 ./Core/Src/var.o
                0x0000000020000554                bat3_ort
 .bss.bat4_top  0x0000000020000558        0x4 ./Core/Src/var.o
                0x0000000020000558                bat4_top
 .bss.bat4_ort  0x000000002000055c        0x4 ./Core/Src/var.o
                0x000000002000055c                bat4_ort
 .bss.bat5_top  0x0000000020000560        0x4 ./Core/Src/var.o
                0x0000000020000560                bat5_top
 .bss.bat5_ort  0x0000000020000564        0x4 ./Core/Src/var.o
                0x0000000020000564                bat5_ort
 .bss.bat6_top  0x0000000020000568        0x4 ./Core/Src/var.o
                0x0000000020000568                bat6_top
 .bss.bat6_ort  0x000000002000056c        0x4 ./Core/Src/var.o
                0x000000002000056c                bat6_ort
 .bss.bat7_top  0x0000000020000570        0x4 ./Core/Src/var.o
                0x0000000020000570                bat7_top
 .bss.bat7_ort  0x0000000020000574        0x4 ./Core/Src/var.o
                0x0000000020000574                bat7_ort
 .bss.bat8_top  0x0000000020000578        0x4 ./Core/Src/var.o
                0x0000000020000578                bat8_top
 .bss.bat8_ort  0x000000002000057c        0x4 ./Core/Src/var.o
                0x000000002000057c                bat8_ort
 .bss.bat9_top  0x0000000020000580        0x4 ./Core/Src/var.o
                0x0000000020000580                bat9_top
 .bss.bat9_ort  0x0000000020000584        0x4 ./Core/Src/var.o
                0x0000000020000584                bat9_ort
 .bss.bat10_top
                0x0000000020000588        0x4 ./Core/Src/var.o
                0x0000000020000588                bat10_top
 .bss.bat10_ort
                0x000000002000058c        0x4 ./Core/Src/var.o
                0x000000002000058c                bat10_ort
 .bss.bat11_top
                0x0000000020000590        0x4 ./Core/Src/var.o
                0x0000000020000590                bat11_top
 .bss.bat11_ort
                0x0000000020000594        0x4 ./Core/Src/var.o
                0x0000000020000594                bat11_ort
 .bss.bat12_top
                0x0000000020000598        0x4 ./Core/Src/var.o
                0x0000000020000598                bat12_top
 .bss.bat12_ort
                0x000000002000059c        0x4 ./Core/Src/var.o
                0x000000002000059c                bat12_ort
 .bss.bat13_top
                0x00000000200005a0        0x4 ./Core/Src/var.o
                0x00000000200005a0                bat13_top
 .bss.bat13_ort
                0x00000000200005a4        0x4 ./Core/Src/var.o
                0x00000000200005a4                bat13_ort
 .bss.bat14_top
                0x00000000200005a8        0x4 ./Core/Src/var.o
                0x00000000200005a8                bat14_top
 .bss.bat14_ort
                0x00000000200005ac        0x4 ./Core/Src/var.o
                0x00000000200005ac                bat14_ort
 .bss.bat15_top
                0x00000000200005b0        0x4 ./Core/Src/var.o
                0x00000000200005b0                bat15_top
 .bss.bat15_ort
                0x00000000200005b4        0x4 ./Core/Src/var.o
                0x00000000200005b4                bat15_ort
 .bss.bat16_top
                0x00000000200005b8        0x4 ./Core/Src/var.o
                0x00000000200005b8                bat16_top
 .bss.bat16_ort
                0x00000000200005bc        0x4 ./Core/Src/var.o
                0x00000000200005bc                bat16_ort
 .bss.bat17_top
                0x00000000200005c0        0x4 ./Core/Src/var.o
                0x00000000200005c0                bat17_top
 .bss.bat17_ort
                0x00000000200005c4        0x4 ./Core/Src/var.o
                0x00000000200005c4                bat17_ort
 .bss.bat18_top
                0x00000000200005c8        0x4 ./Core/Src/var.o
                0x00000000200005c8                bat18_top
 .bss.bat18_ort
                0x00000000200005cc        0x4 ./Core/Src/var.o
                0x00000000200005cc                bat18_ort
 .bss.bat19_top
                0x00000000200005d0        0x4 ./Core/Src/var.o
                0x00000000200005d0                bat19_top
 .bss.bat19_ort
                0x00000000200005d4        0x4 ./Core/Src/var.o
                0x00000000200005d4                bat19_ort
 .bss.bat20_top
                0x00000000200005d8        0x4 ./Core/Src/var.o
                0x00000000200005d8                bat20_top
 .bss.bat20_ort
                0x00000000200005dc        0x4 ./Core/Src/var.o
                0x00000000200005dc                bat20_ort
 .bss.uwTick    0x00000000200005e0        0x4 ./Drivers/STM32F3xx_HAL_Driver/Src/stm32f3xx_hal.o
                0x00000000200005e0                uwTick
 *(COMMON)
                0x00000000200005e4                . = ALIGN (0x4)
                0x00000000200005e4                _ebss = .
                0x00000000200005e4                __bss_end__ = _ebss

._user_heap_stack
                0x00000000200005e4      0x604 load address 0x0000000008008208
                0x00000000200005e8                . = ALIGN (0x8)
 *fill*         0x00000000200005e4        0x4 
                [!provide]                        PROVIDE (end = .)
                0x00000000200005e8                PROVIDE (_end = .)
                0x00000000200007e8                . = (. + _Min_Heap_Size)
 *fill*         0x00000000200005e8      0x200 
                0x0000000020000be8                . = (. + _Min_Stack_Size)
 *fill*         0x00000000200007e8      0x400 
                0x0000000020000be8                . = ALIGN (0x8)

/DISCARD/
 libc.a(*)
 libm.a(*)
 libgcc.a(*)

.ARM.attributes
                0x0000000000000000       0x30
 *(.ARM.attributes)
 .ARM.attributes
                0x0000000000000000       0x1e C:/ST/STM32CubeIDE_1.14.1/STM32CubeIDE/plugins/com.st.stm32cube.ide.mcu.externaltools.gnu-tools-for-stm32.11.3.rel1.win32_1.1.100.202309141235/tools/bin/../lib/gcc/arm-none-eabi/11.3.1/thumb/v7e-m+fp/hard/crti.o
 .ARM.attributes
                0x000000000000001e       0x34 C:/ST/STM32CubeIDE_1.14.1/STM32CubeIDE/plugins/com.st.stm32cube.ide.mcu.externaltools.gnu-tools-for-stm32.11.3.rel1.win32_1.1.100.202309141235/tools/bin/../lib/gcc/arm-none-eabi/11.3.1/thumb/v7e-m+fp/hard/crtbegin.o
 .ARM.attributes
                0x0000000000000052       0x34 ./Core/Src/adc_filter.o
 .ARM.attributes
                0x0000000000000086       0x34 ./Core/Src/main.o
 .ARM.attributes
                0x00000000000000ba       0x34 ./Core/Src/stm32f3xx_hal_msp.o
 .ARM.attributes
                0x00000000000000ee       0x34 ./Core/Src/stm32f3xx_it.o
 .ARM.attributes
                0x0000000000000122       0x34 ./Core/Src/system_stm32f3xx.o
 .ARM.attributes
                0x0000000000000156       0x34 ./Core/Src/timer.o
 .ARM.attributes
                0x000000000000018a       0x34 ./Core/Src/var.o
 .ARM.attributes
                0x00000000000001be       0x21 ./Core/Startup/startup_stm32f358vctx.o
 .ARM.attributes
                0x00000000000001df       0x34 ./Drivers/STM32F3xx_HAL_Driver/Src/stm32f3xx_hal.o
 .ARM.attributes
                0x0000000000000213       0x34 ./Drivers/STM32F3xx_HAL_Driver/Src/stm32f3xx_hal_adc.o
 .ARM.attributes
                0x0000000000000247       0x34 ./Drivers/STM32F3xx_HAL_Driver/Src/stm32f3xx_hal_adc_ex.o
 .ARM.attributes
                0x000000000000027b       0x34 ./Drivers/STM32F3xx_HAL_Driver/Src/stm32f3xx_hal_cortex.o
 .ARM.attributes
                0x00000000000002af       0x34 ./Drivers/STM32F3xx_HAL_Driver/Src/stm32f3xx_hal_dma.o
 .ARM.attributes
                0x00000000000002e3       0x34 ./Drivers/STM32F3xx_HAL_Driver/Src/stm32f3xx_hal_gpio.o
 .ARM.attributes
                0x0000000000000317       0x34 ./Drivers/STM32F3xx_HAL_Driver/Src/stm32f3xx_hal_rcc.o
 .ARM.attributes
                0x000000000000034b       0x34 ./Drivers/STM32F3xx_HAL_Driver/Src/stm32f3xx_hal_rcc_ex.o
 .ARM.attributes
                0x000000000000037f       0x34 ./Drivers/STM32F3xx_HAL_Driver/Src/stm32f3xx_hal_tim.o
 .ARM.attributes
                0x00000000000003b3       0x34 ./Drivers/STM32F3xx_HAL_Driver/Src/stm32f3xx_hal_tim_ex.o
 .ARM.attributes
                0x00000000000003e7       0x34 ./Drivers/STM32F3xx_HAL_Driver/Src/stm32f3xx_hal_uart.o
 .ARM.attributes
                0x000000000000041b       0x34 C:/ST/STM32CubeIDE_1.14.1/STM32CubeIDE/plugins/com.st.stm32cube.ide.mcu.externaltools.gnu-tools-for-stm32.11.3.rel1.win32_1.1.100.202309141235/tools/bin/../lib/gcc/arm-none-eabi/11.3.1/../../../../arm-none-eabi/lib/thumb/v7e-m+fp/hard\libc_nano.a(libc_a-memset.o)
 .ARM.attributes
                0x000000000000044f       0x34 C:/ST/STM32CubeIDE_1.14.1/STM32CubeIDE/plugins/com.st.stm32cube.ide.mcu.externaltools.gnu-tools-for-stm32.11.3.rel1.win32_1.1.100.202309141235/tools/bin/../lib/gcc/arm-none-eabi/11.3.1/../../../../arm-none-eabi/lib/thumb/v7e-m+fp/hard\libc_nano.a(libc_a-init.o)
 .ARM.attributes
                0x0000000000000483       0x1e C:/ST/STM32CubeIDE_1.14.1/STM32CubeIDE/plugins/com.st.stm32cube.ide.mcu.externaltools.gnu-tools-for-stm32.11.3.rel1.win32_1.1.100.202309141235/tools/bin/../lib/gcc/arm-none-eabi/11.3.1/thumb/v7e-m+fp/hard\libgcc.a(_arm_muldf3.o)
 .ARM.attributes
                0x00000000000004a1       0x1e C:/ST/STM32CubeIDE_1.14.1/STM32CubeIDE/plugins/com.st.stm32cube.ide.mcu.externaltools.gnu-tools-for-stm32.11.3.rel1.win32_1.1.100.202309141235/tools/bin/../lib/gcc/arm-none-eabi/11.3.1/thumb/v7e-m+fp/hard\libgcc.a(_arm_addsubdf3.o)
 .ARM.attributes
                0x00000000000004bf       0x1e C:/ST/STM32CubeIDE_1.14.1/STM32CubeIDE/plugins/com.st.stm32cube.ide.mcu.externaltools.gnu-tools-for-stm32.11.3.rel1.win32_1.1.100.202309141235/tools/bin/../lib/gcc/arm-none-eabi/11.3.1/thumb/v7e-m+fp/hard\libgcc.a(_arm_cmpdf2.o)
 .ARM.attributes
                0x00000000000004dd       0x1e C:/ST/STM32CubeIDE_1.14.1/STM32CubeIDE/plugins/com.st.stm32cube.ide.mcu.externaltools.gnu-tools-for-stm32.11.3.rel1.win32_1.1.100.202309141235/tools/bin/../lib/gcc/arm-none-eabi/11.3.1/thumb/v7e-m+fp/hard\libgcc.a(_arm_fixunsdfsi.o)
 .ARM.attributes
                0x00000000000004fb       0x1e C:/ST/STM32CubeIDE_1.14.1/STM32CubeIDE/plugins/com.st.stm32cube.ide.mcu.externaltools.gnu-tools-for-stm32.11.3.rel1.win32_1.1.100.202309141235/tools/bin/../lib/gcc/arm-none-eabi/11.3.1/thumb/v7e-m+fp/hard\libgcc.a(_arm_truncdfsf2.o)
 .ARM.attributes
                0x0000000000000519       0x1e C:/ST/STM32CubeIDE_1.14.1/STM32CubeIDE/plugins/com.st.stm32cube.ide.mcu.externaltools.gnu-tools-for-stm32.11.3.rel1.win32_1.1.100.202309141235/tools/bin/../lib/gcc/arm-none-eabi/11.3.1/thumb/v7e-m+fp/hard/crtn.o
OUTPUT(BMS_SON.elf elf32-littlearm)
LOAD linker stubs
LOAD C:/ST/STM32CubeIDE_1.14.1/STM32CubeIDE/plugins/com.st.stm32cube.ide.mcu.externaltools.gnu-tools-for-stm32.11.3.rel1.win32_1.1.100.202309141235/tools/bin/../lib/gcc/arm-none-eabi/11.3.1/../../../../arm-none-eabi/lib/thumb/v7e-m+fp/hard\libc.a
LOAD C:/ST/STM32CubeIDE_1.14.1/STM32CubeIDE/plugins/com.st.stm32cube.ide.mcu.externaltools.gnu-tools-for-stm32.11.3.rel1.win32_1.1.100.202309141235/tools/bin/../lib/gcc/arm-none-eabi/11.3.1/../../../../arm-none-eabi/lib/thumb/v7e-m+fp/hard\libm.a
LOAD C:/ST/STM32CubeIDE_1.14.1/STM32CubeIDE/plugins/com.st.stm32cube.ide.mcu.externaltools.gnu-tools-for-stm32.11.3.rel1.win32_1.1.100.202309141235/tools/bin/../lib/gcc/arm-none-eabi/11.3.1/thumb/v7e-m+fp/hard\libgcc.a

.comment        0x0000000000000000       0x43
 .comment       0x0000000000000000       0x43 C:/ST/STM32CubeIDE_1.14.1/STM32CubeIDE/plugins/com.st.stm32cube.ide.mcu.externaltools.gnu-tools-for-stm32.11.3.rel1.win32_1.1.100.202309141235/tools/bin/../lib/gcc/arm-none-eabi/11.3.1/thumb/v7e-m+fp/hard/crtbegin.o
                                         0x44 (size before relaxing)
 .comment       0x0000000000000043       0x44 ./Core/Src/adc_filter.o
 .comment       0x0000000000000043       0x44 ./Core/Src/main.o
 .comment       0x0000000000000043       0x44 ./Core/Src/stm32f3xx_hal_msp.o
 .comment       0x0000000000000043       0x44 ./Core/Src/stm32f3xx_it.o
 .comment       0x0000000000000043       0x44 ./Core/Src/system_stm32f3xx.o
 .comment       0x0000000000000043       0x44 ./Core/Src/timer.o
 .comment       0x0000000000000043       0x44 ./Core/Src/var.o
 .comment       0x0000000000000043       0x44 ./Drivers/STM32F3xx_HAL_Driver/Src/stm32f3xx_hal.o
 .comment       0x0000000000000043       0x44 ./Drivers/STM32F3xx_HAL_Driver/Src/stm32f3xx_hal_adc.o
 .comment       0x0000000000000043       0x44 ./Drivers/STM32F3xx_HAL_Driver/Src/stm32f3xx_hal_adc_ex.o
 .comment       0x0000000000000043       0x44 ./Drivers/STM32F3xx_HAL_Driver/Src/stm32f3xx_hal_cortex.o
 .comment       0x0000000000000043       0x44 ./Drivers/STM32F3xx_HAL_Driver/Src/stm32f3xx_hal_dma.o
 .comment       0x0000000000000043       0x44 ./Drivers/STM32F3xx_HAL_Driver/Src/stm32f3xx_hal_gpio.o
 .comment       0x0000000000000043       0x44 ./Drivers/STM32F3xx_HAL_Driver/Src/stm32f3xx_hal_rcc.o
 .comment       0x0000000000000043       0x44 ./Drivers/STM32F3xx_HAL_Driver/Src/stm32f3xx_hal_rcc_ex.o
 .comment       0x0000000000000043       0x44 ./Drivers/STM32F3xx_HAL_Driver/Src/stm32f3xx_hal_tim.o
 .comment       0x0000000000000043       0x44 ./Drivers/STM32F3xx_HAL_Driver/Src/stm32f3xx_hal_tim_ex.o
 .comment       0x0000000000000043       0x44 ./Drivers/STM32F3xx_HAL_Driver/Src/stm32f3xx_hal_uart.o

.debug_info     0x0000000000000000    0x1283e
 .debug_info    0x0000000000000000      0x390 ./Core/Src/adc_filter.o
 .debug_info    0x0000000000000390     0x1e1b ./Core/Src/main.o
 .debug_info    0x00000000000021ab     0x14d6 ./Core/Src/stm32f3xx_hal_msp.o
 .debug_info    0x0000000000003681      0xd92 ./Core/Src/stm32f3xx_it.o
 .debug_info    0x0000000000004413      0x407 ./Core/Src/system_stm32f3xx.o
 .debug_info    0x000000000000481a      0x36c ./Core/Src/timer.o
 .debug_info    0x0000000000004b86      0x7e7 ./Core/Src/var.o
 .debug_info    0x000000000000536d       0x23 ./Core/Startup/startup_stm32f358vctx.o
 .debug_info    0x0000000000005390      0x7b6 ./Drivers/STM32F3xx_HAL_Driver/Src/stm32f3xx_hal.o
 .debug_info    0x0000000000005b46      0xb32 ./Drivers/STM32F3xx_HAL_Driver/Src/stm32f3xx_hal_adc.o
 .debug_info    0x0000000000006678     0x1594 ./Drivers/STM32F3xx_HAL_Driver/Src/stm32f3xx_hal_adc_ex.o
 .debug_info    0x0000000000007c0c      0xc91 ./Drivers/STM32F3xx_HAL_Driver/Src/stm32f3xx_hal_cortex.o
 .debug_info    0x000000000000889d      0x6e1 ./Drivers/STM32F3xx_HAL_Driver/Src/stm32f3xx_hal_dma.o
 .debug_info    0x0000000000008f7e      0x5fe ./Drivers/STM32F3xx_HAL_Driver/Src/stm32f3xx_hal_gpio.o
 .debug_info    0x000000000000957c     0x14f2 ./Drivers/STM32F3xx_HAL_Driver/Src/stm32f3xx_hal_rcc.o
 .debug_info    0x000000000000aa6e      0x5e8 ./Drivers/STM32F3xx_HAL_Driver/Src/stm32f3xx_hal_rcc_ex.o
 .debug_info    0x000000000000b056     0x2a1c ./Drivers/STM32F3xx_HAL_Driver/Src/stm32f3xx_hal_tim.o
 .debug_info    0x000000000000da72     0x1540 ./Drivers/STM32F3xx_HAL_Driver/Src/stm32f3xx_hal_tim_ex.o
 .debug_info    0x000000000000efb2     0x388c ./Drivers/STM32F3xx_HAL_Driver/Src/stm32f3xx_hal_uart.o

.debug_abbrev   0x0000000000000000     0x23ba
 .debug_abbrev  0x0000000000000000       0x8e ./Core/Src/adc_filter.o
 .debug_abbrev  0x000000000000008e      0x2d3 ./Core/Src/main.o
 .debug_abbrev  0x0000000000000361      0x23c ./Core/Src/stm32f3xx_hal_msp.o
 .debug_abbrev  0x000000000000059d      0x202 ./Core/Src/stm32f3xx_it.o
 .debug_abbrev  0x000000000000079f      0x11a ./Core/Src/system_stm32f3xx.o
 .debug_abbrev  0x00000000000008b9       0x59 ./Core/Src/timer.o
 .debug_abbrev  0x0000000000000912       0x5d ./Core/Src/var.o
 .debug_abbrev  0x000000000000096f       0x12 ./Core/Startup/startup_stm32f358vctx.o
 .debug_abbrev  0x0000000000000981      0x215 ./Drivers/STM32F3xx_HAL_Driver/Src/stm32f3xx_hal.o
 .debug_abbrev  0x0000000000000b96      0x186 ./Drivers/STM32F3xx_HAL_Driver/Src/stm32f3xx_hal_adc.o
 .debug_abbrev  0x0000000000000d1c      0x28e ./Drivers/STM32F3xx_HAL_Driver/Src/stm32f3xx_hal_adc_ex.o
 .debug_abbrev  0x0000000000000faa      0x329 ./Drivers/STM32F3xx_HAL_Driver/Src/stm32f3xx_hal_cortex.o
 .debug_abbrev  0x00000000000012d3      0x20d ./Drivers/STM32F3xx_HAL_Driver/Src/stm32f3xx_hal_dma.o
 .debug_abbrev  0x00000000000014e0      0x1ca ./Drivers/STM32F3xx_HAL_Driver/Src/stm32f3xx_hal_gpio.o
 .debug_abbrev  0x00000000000016aa      0x314 ./Drivers/STM32F3xx_HAL_Driver/Src/stm32f3xx_hal_rcc.o
 .debug_abbrev  0x00000000000019be      0x23e ./Drivers/STM32F3xx_HAL_Driver/Src/stm32f3xx_hal_rcc_ex.o
 .debug_abbrev  0x0000000000001bfc      0x271 ./Drivers/STM32F3xx_HAL_Driver/Src/stm32f3xx_hal_tim.o
 .debug_abbrev  0x0000000000001e6d      0x27c ./Drivers/STM32F3xx_HAL_Driver/Src/stm32f3xx_hal_tim_ex.o
 .debug_abbrev  0x00000000000020e9      0x2d1 ./Drivers/STM32F3xx_HAL_Driver/Src/stm32f3xx_hal_uart.o

.debug_aranges  0x0000000000000000      0xf48
 .debug_aranges
                0x0000000000000000       0x20 ./Core/Src/adc_filter.o
 .debug_aranges
                0x0000000000000020       0x78 ./Core/Src/main.o
 .debug_aranges
                0x0000000000000098       0x50 ./Core/Src/stm32f3xx_hal_msp.o
 .debug_aranges
                0x00000000000000e8       0x90 ./Core/Src/stm32f3xx_it.o
 .debug_aranges
                0x0000000000000178       0x28 ./Core/Src/system_stm32f3xx.o
 .debug_aranges
                0x00000000000001a0       0x20 ./Core/Src/timer.o
 .debug_aranges
                0x00000000000001c0       0x18 ./Core/Src/var.o
 .debug_aranges
                0x00000000000001d8       0x28 ./Core/Startup/startup_stm32f358vctx.o
 .debug_aranges
                0x0000000000000200       0xe0 ./Drivers/STM32F3xx_HAL_Driver/Src/stm32f3xx_hal.o
 .debug_aranges
                0x00000000000002e0       0xc8 ./Drivers/STM32F3xx_HAL_Driver/Src/stm32f3xx_hal_adc.o
 .debug_aranges
                0x00000000000003a8      0x168 ./Drivers/STM32F3xx_HAL_Driver/Src/stm32f3xx_hal_adc_ex.o
 .debug_aranges
                0x0000000000000510      0x118 ./Drivers/STM32F3xx_HAL_Driver/Src/stm32f3xx_hal_cortex.o
 .debug_aranges
                0x0000000000000628       0x88 ./Drivers/STM32F3xx_HAL_Driver/Src/stm32f3xx_hal_dma.o
 .debug_aranges
                0x00000000000006b0       0x58 ./Drivers/STM32F3xx_HAL_Driver/Src/stm32f3xx_hal_gpio.o
 .debug_aranges
                0x0000000000000708       0x88 ./Drivers/STM32F3xx_HAL_Driver/Src/stm32f3xx_hal_rcc.o
 .debug_aranges
                0x0000000000000790       0x38 ./Drivers/STM32F3xx_HAL_Driver/Src/stm32f3xx_hal_rcc_ex.o
 .debug_aranges
                0x00000000000007c8      0x3e0 ./Drivers/STM32F3xx_HAL_Driver/Src/stm32f3xx_hal_tim.o
 .debug_aranges
                0x0000000000000ba8      0x178 ./Drivers/STM32F3xx_HAL_Driver/Src/stm32f3xx_hal_tim_ex.o
 .debug_aranges
                0x0000000000000d20      0x228 ./Drivers/STM32F3xx_HAL_Driver/Src/stm32f3xx_hal_uart.o

.debug_rnglists
                0x0000000000000000      0xbeb
 .debug_rnglists
                0x0000000000000000       0x14 ./Core/Src/adc_filter.o
 .debug_rnglists
                0x0000000000000014       0x5e ./Core/Src/main.o
 .debug_rnglists
                0x0000000000000072       0x3a ./Core/Src/stm32f3xx_hal_msp.o
 .debug_rnglists
                0x00000000000000ac       0x68 ./Core/Src/stm32f3xx_it.o
 .debug_rnglists
                0x0000000000000114       0x1a ./Core/Src/system_stm32f3xx.o
 .debug_rnglists
                0x000000000000012e       0x13 ./Core/Src/timer.o
 .debug_rnglists
                0x0000000000000141       0x19 ./Core/Startup/startup_stm32f358vctx.o
 .debug_rnglists
                0x000000000000015a       0xa3 ./Drivers/STM32F3xx_HAL_Driver/Src/stm32f3xx_hal.o
 .debug_rnglists
                0x00000000000001fd       0x91 ./Drivers/STM32F3xx_HAL_Driver/Src/stm32f3xx_hal_adc.o
 .debug_rnglists
                0x000000000000028e      0x126 ./Drivers/STM32F3xx_HAL_Driver/Src/stm32f3xx_hal_adc_ex.o
 .debug_rnglists
                0x00000000000003b4       0xce ./Drivers/STM32F3xx_HAL_Driver/Src/stm32f3xx_hal_cortex.o
 .debug_rnglists
                0x0000000000000482       0x69 ./Drivers/STM32F3xx_HAL_Driver/Src/stm32f3xx_hal_dma.o
 .debug_rnglists
                0x00000000000004eb       0x3f ./Drivers/STM32F3xx_HAL_Driver/Src/stm32f3xx_hal_gpio.o
 .debug_rnglists
                0x000000000000052a       0x66 ./Drivers/STM32F3xx_HAL_Driver/Src/stm32f3xx_hal_rcc.o
 .debug_rnglists
                0x0000000000000590       0x28 ./Drivers/STM32F3xx_HAL_Driver/Src/stm32f3xx_hal_rcc_ex.o
 .debug_rnglists
                0x00000000000005b8      0x328 ./Drivers/STM32F3xx_HAL_Driver/Src/stm32f3xx_hal_tim.o
 .debug_rnglists
                0x00000000000008e0      0x131 ./Drivers/STM32F3xx_HAL_Driver/Src/stm32f3xx_hal_tim_ex.o
 .debug_rnglists
                0x0000000000000a11      0x1da ./Drivers/STM32F3xx_HAL_Driver/Src/stm32f3xx_hal_uart.o

.debug_macro    0x0000000000000000    0x1e252
 .debug_macro   0x0000000000000000      0x200 ./Core/Src/adc_filter.o
 .debug_macro   0x0000000000000200      0xaa8 ./Core/Src/adc_filter.o
 .debug_macro   0x0000000000000ca8      0x15d ./Core/Src/adc_filter.o
 .debug_macro   0x0000000000000e05       0x2e ./Core/Src/adc_filter.o
 .debug_macro   0x0000000000000e33       0x28 ./Core/Src/adc_filter.o
 .debug_macro   0x0000000000000e5b       0x22 ./Core/Src/adc_filter.o
 .debug_macro   0x0000000000000e7d       0x8e ./Core/Src/adc_filter.o
 .debug_macro   0x0000000000000f0b       0x51 ./Core/Src/adc_filter.o
 .debug_macro   0x0000000000000f5c      0x103 ./Core/Src/adc_filter.o
 .debug_macro   0x000000000000105f       0x6a ./Core/Src/adc_filter.o
 .debug_macro   0x00000000000010c9      0x1df ./Core/Src/adc_filter.o
 .debug_macro   0x00000000000012a8       0x1c ./Core/Src/adc_filter.o
 .debug_macro   0x00000000000012c4       0x22 ./Core/Src/adc_filter.o
 .debug_macro   0x00000000000012e6       0xd9 ./Core/Src/adc_filter.o
 .debug_macro   0x00000000000013bf     0x102d ./Core/Src/adc_filter.o
 .debug_macro   0x00000000000023ec      0x11f ./Core/Src/adc_filter.o
 .debug_macro   0x000000000000250b    0x125d3 ./Core/Src/adc_filter.o
 .debug_macro   0x0000000000014ade       0x6d ./Core/Src/adc_filter.o
 .debug_macro   0x0000000000014b4b     0x3540 ./Core/Src/adc_filter.o
 .debug_macro   0x000000000001808b      0x174 ./Core/Src/adc_filter.o
 .debug_macro   0x00000000000181ff       0x55 ./Core/Src/adc_filter.o
 .debug_macro   0x0000000000018254      0x95b ./Core/Src/adc_filter.o
 .debug_macro   0x0000000000018baf      0x5ab ./Core/Src/adc_filter.o
 .debug_macro   0x000000000001915a      0x1b6 ./Core/Src/adc_filter.o
 .debug_macro   0x0000000000019310      0x1f4 ./Core/Src/adc_filter.o
 .debug_macro   0x0000000000019504      0x1dc ./Core/Src/adc_filter.o
 .debug_macro   0x00000000000196e0      0x1bc ./Core/Src/adc_filter.o
 .debug_macro   0x000000000001989c       0x30 ./Core/Src/adc_filter.o
 .debug_macro   0x00000000000198cc       0x3c ./Core/Src/adc_filter.o
 .debug_macro   0x0000000000019908      0x236 ./Core/Src/adc_filter.o
 .debug_macro   0x0000000000019b3e      0x9b1 ./Core/Src/adc_filter.o
 .debug_macro   0x000000000001a4ef       0x77 ./Core/Src/adc_filter.o
 .debug_macro   0x000000000001a566       0xc5 ./Core/Src/adc_filter.o
 .debug_macro   0x000000000001a62b      0x21d ./Core/Src/adc_filter.o
 .debug_macro   0x000000000001a848      0x22c ./Core/Src/adc_filter.o
 .debug_macro   0x000000000001aa74       0x5b ./Core/Src/adc_filter.o
 .debug_macro   0x000000000001aacf       0xa5 ./Core/Src/adc_filter.o
 .debug_macro   0x000000000001ab74       0x81 ./Core/Src/adc_filter.o
 .debug_macro   0x000000000001abf5      0xa3d ./Core/Src/adc_filter.o
 .debug_macro   0x000000000001b632       0x89 ./Core/Src/adc_filter.o
 .debug_macro   0x000000000001b6bb      0x5a5 ./Core/Src/adc_filter.o
 .debug_macro   0x000000000001bc60       0x3e ./Core/Src/adc_filter.o
 .debug_macro   0x000000000001bc9e      0x260 ./Core/Src/adc_filter.o
 .debug_macro   0x000000000001befe      0x160 ./Core/Src/adc_filter.o
 .debug_macro   0x000000000001c05e      0x200 ./Core/Src/main.o
 .debug_macro   0x000000000001c25e      0x200 ./Core/Src/stm32f3xx_hal_msp.o
 .debug_macro   0x000000000001c45e      0x210 ./Core/Src/stm32f3xx_it.o
 .debug_macro   0x000000000001c66e      0x1f1 ./Core/Src/system_stm32f3xx.o
 .debug_macro   0x000000000001c85f      0x200 ./Core/Src/timer.o
 .debug_macro   0x000000000001ca5f      0x200 ./Core/Src/var.o
 .debug_macro   0x000000000001cc5f      0x215 ./Drivers/STM32F3xx_HAL_Driver/Src/stm32f3xx_hal.o
 .debug_macro   0x000000000001ce74      0x1f2 ./Drivers/STM32F3xx_HAL_Driver/Src/stm32f3xx_hal_adc.o
 .debug_macro   0x000000000001d066      0x21b ./Drivers/STM32F3xx_HAL_Driver/Src/stm32f3xx_hal_adc_ex.o
 .debug_macro   0x000000000001d281      0x1f1 ./Drivers/STM32F3xx_HAL_Driver/Src/stm32f3xx_hal_cortex.o
 .debug_macro   0x000000000001d472      0x1f1 ./Drivers/STM32F3xx_HAL_Driver/Src/stm32f3xx_hal_dma.o
 .debug_macro   0x000000000001d663      0x1f8 ./Drivers/STM32F3xx_HAL_Driver/Src/stm32f3xx_hal_gpio.o
 .debug_macro   0x000000000001d85b      0x215 ./Drivers/STM32F3xx_HAL_Driver/Src/stm32f3xx_hal_rcc.o
 .debug_macro   0x000000000001da70      0x1f1 ./Drivers/STM32F3xx_HAL_Driver/Src/stm32f3xx_hal_rcc_ex.o
 .debug_macro   0x000000000001dc61      0x1f2 ./Drivers/STM32F3xx_HAL_Driver/Src/stm32f3xx_hal_tim.o
 .debug_macro   0x000000000001de53      0x1f1 ./Drivers/STM32F3xx_HAL_Driver/Src/stm32f3xx_hal_tim_ex.o
 .debug_macro   0x000000000001e044      0x20e ./Drivers/STM32F3xx_HAL_Driver/Src/stm32f3xx_hal_uart.o

.debug_line     0x0000000000000000    0x155e1
 .debug_line    0x0000000000000000      0x85c ./Core/Src/adc_filter.o
 .debug_line    0x000000000000085c     0x12e6 ./Core/Src/main.o
 .debug_line    0x0000000000001b42      0xa28 ./Core/Src/stm32f3xx_hal_msp.o
 .debug_line    0x000000000000256a      0xa93 ./Core/Src/stm32f3xx_it.o
 .debug_line    0x0000000000002ffd      0x821 ./Core/Src/system_stm32f3xx.o
 .debug_line    0x000000000000381e      0x799 ./Core/Src/timer.o
 .debug_line    0x0000000000003fb7      0x784 ./Core/Src/var.o
 .debug_line    0x000000000000473b       0x7a ./Core/Startup/startup_stm32f358vctx.o
 .debug_line    0x00000000000047b5      0xa56 ./Drivers/STM32F3xx_HAL_Driver/Src/stm32f3xx_hal.o
 .debug_line    0x000000000000520b      0x99a ./Drivers/STM32F3xx_HAL_Driver/Src/stm32f3xx_hal_adc.o
 .debug_line    0x0000000000005ba5     0x27bc ./Drivers/STM32F3xx_HAL_Driver/Src/stm32f3xx_hal_adc_ex.o
 .debug_line    0x0000000000008361      0xd1b ./Drivers/STM32F3xx_HAL_Driver/Src/stm32f3xx_hal_cortex.o
 .debug_line    0x000000000000907c      0xd68 ./Drivers/STM32F3xx_HAL_Driver/Src/stm32f3xx_hal_dma.o
 .debug_line    0x0000000000009de4      0xbb7 ./Drivers/STM32F3xx_HAL_Driver/Src/stm32f3xx_hal_gpio.o
 .debug_line    0x000000000000a99b     0x1430 ./Drivers/STM32F3xx_HAL_Driver/Src/stm32f3xx_hal_rcc.o
 .debug_line    0x000000000000bdcb      0xd87 ./Drivers/STM32F3xx_HAL_Driver/Src/stm32f3xx_hal_rcc_ex.o
 .debug_line    0x000000000000cb52     0x3d9c ./Drivers/STM32F3xx_HAL_Driver/Src/stm32f3xx_hal_tim.o
 .debug_line    0x00000000000108ee     0x1b37 ./Drivers/STM32F3xx_HAL_Driver/Src/stm32f3xx_hal_tim_ex.o
 .debug_line    0x0000000000012425     0x31bc ./Drivers/STM32F3xx_HAL_Driver/Src/stm32f3xx_hal_uart.o

.debug_str      0x0000000000000000    0xba5da
 .debug_str     0x0000000000000000    0xb5a0b ./Core/Src/adc_filter.o
                                      0xb608b (size before relaxing)
 .debug_str     0x00000000000b5a0b     0x14c4 ./Core/Src/main.o
                                      0xb765b (size before relaxing)
 .debug_str     0x00000000000b6ecf      0x11a ./Core/Src/stm32f3xx_hal_msp.o
                                      0xb6e4c (size before relaxing)
 .debug_str     0x00000000000b6fe9      0x1b7 ./Core/Src/stm32f3xx_it.o
                                      0xb68ae (size before relaxing)
 .debug_str     0x00000000000b71a0       0xdf ./Core/Src/system_stm32f3xx.o
                                      0xb5991 (size before relaxing)
 .debug_str     0x00000000000b727f      0x104 ./Core/Src/timer.o
                                      0xb603c (size before relaxing)
 .debug_str     0x00000000000b7383      0x125 ./Core/Src/var.o
                                      0xb6258 (size before relaxing)
 .debug_str     0x00000000000b74a8       0x34 ./Core/Startup/startup_stm32f358vctx.o
                                         0x62 (size before relaxing)
 .debug_str     0x00000000000b74dc      0x397 ./Drivers/STM32F3xx_HAL_Driver/Src/stm32f3xx_hal.o
                                      0xb617e (size before relaxing)
 .debug_str     0x00000000000b7873      0x1dc ./Drivers/STM32F3xx_HAL_Driver/Src/stm32f3xx_hal_adc.o
                                      0xb5f7e (size before relaxing)
 .debug_str     0x00000000000b7a4f      0x6b8 ./Drivers/STM32F3xx_HAL_Driver/Src/stm32f3xx_hal_adc_ex.o
                                      0xb6687 (size before relaxing)
 .debug_str     0x00000000000b8107      0x320 ./Drivers/STM32F3xx_HAL_Driver/Src/stm32f3xx_hal_cortex.o
                                      0xb61d0 (size before relaxing)
 .debug_str     0x00000000000b8427      0x1fa ./Drivers/STM32F3xx_HAL_Driver/Src/stm32f3xx_hal_dma.o
                                      0xb5cd9 (size before relaxing)
 .debug_str     0x00000000000b8621      0x12b ./Drivers/STM32F3xx_HAL_Driver/Src/stm32f3xx_hal_gpio.o
                                      0xb5afe (size before relaxing)
 .debug_str     0x00000000000b874c      0x2d1 ./Drivers/STM32F3xx_HAL_Driver/Src/stm32f3xx_hal_rcc.o
                                      0xb5e31 (size before relaxing)
 .debug_str     0x00000000000b8a1d       0xbe ./Drivers/STM32F3xx_HAL_Driver/Src/stm32f3xx_hal_rcc_ex.o
                                      0xb5be3 (size before relaxing)
 .debug_str     0x00000000000b8adb      0xdcc ./Drivers/STM32F3xx_HAL_Driver/Src/stm32f3xx_hal_tim.o
                                      0xb6db8 (size before relaxing)
 .debug_str     0x00000000000b98a7      0x4dc ./Drivers/STM32F3xx_HAL_Driver/Src/stm32f3xx_hal_tim_ex.o
                                      0xb660e (size before relaxing)
 .debug_str     0x00000000000b9d83      0x857 ./Drivers/STM32F3xx_HAL_Driver/Src/stm32f3xx_hal_uart.o
                                      0xb668c (size before relaxing)

.debug_frame    0x0000000000000000     0x41c4
 .debug_frame   0x0000000000000000       0x34 ./Core/Src/adc_filter.o
 .debug_frame   0x0000000000000034      0x1b4 ./Core/Src/main.o
 .debug_frame   0x00000000000001e8      0x114 ./Core/Src/stm32f3xx_hal_msp.o
 .debug_frame   0x00000000000002fc      0x1b8 ./Core/Src/stm32f3xx_it.o
 .debug_frame   0x00000000000004b4       0x58 ./Core/Src/system_stm32f3xx.o
 .debug_frame   0x000000000000050c       0x30 ./Core/Src/timer.o
 .debug_frame   0x000000000000053c      0x334 ./Drivers/STM32F3xx_HAL_Driver/Src/stm32f3xx_hal.o
 .debug_frame   0x0000000000000870      0x380 ./Drivers/STM32F3xx_HAL_Driver/Src/stm32f3xx_hal_adc.o
 .debug_frame   0x0000000000000bf0      0x644 ./Drivers/STM32F3xx_HAL_Driver/Src/stm32f3xx_hal_adc_ex.o
 .debug_frame   0x0000000000001234      0x498 ./Drivers/STM32F3xx_HAL_Driver/Src/stm32f3xx_hal_cortex.o
 .debug_frame   0x00000000000016cc      0x224 ./Drivers/STM32F3xx_HAL_Driver/Src/stm32f3xx_hal_dma.o
 .debug_frame   0x00000000000018f0      0x14c ./Drivers/STM32F3xx_HAL_Driver/Src/stm32f3xx_hal_gpio.o
 .debug_frame   0x0000000000001a3c      0x214 ./Drivers/STM32F3xx_HAL_Driver/Src/stm32f3xx_hal_rcc.o
 .debug_frame   0x0000000000001c50       0xb4 ./Drivers/STM32F3xx_HAL_Driver/Src/stm32f3xx_hal_rcc_ex.o
 .debug_frame   0x0000000000001d04     0x121c ./Drivers/STM32F3xx_HAL_Driver/Src/stm32f3xx_hal_tim.o
 .debug_frame   0x0000000000002f20      0x688 ./Drivers/STM32F3xx_HAL_Driver/Src/stm32f3xx_hal_tim_ex.o
 .debug_frame   0x00000000000035a8      0x9e8 ./Drivers/STM32F3xx_HAL_Driver/Src/stm32f3xx_hal_uart.o
 .debug_frame   0x0000000000003f90       0x20 C:/ST/STM32CubeIDE_1.14.1/STM32CubeIDE/plugins/com.st.stm32cube.ide.mcu.externaltools.gnu-tools-for-stm32.11.3.rel1.win32_1.1.100.202309141235/tools/bin/../lib/gcc/arm-none-eabi/11.3.1/../../../../arm-none-eabi/lib/thumb/v7e-m+fp/hard\libc_nano.a(libc_a-memset.o)
 .debug_frame   0x0000000000003fb0       0x2c C:/ST/STM32CubeIDE_1.14.1/STM32CubeIDE/plugins/com.st.stm32cube.ide.mcu.externaltools.gnu-tools-for-stm32.11.3.rel1.win32_1.1.100.202309141235/tools/bin/../lib/gcc/arm-none-eabi/11.3.1/../../../../arm-none-eabi/lib/thumb/v7e-m+fp/hard\libc_nano.a(libc_a-init.o)
 .debug_frame   0x0000000000003fdc       0x30 C:/ST/STM32CubeIDE_1.14.1/STM32CubeIDE/plugins/com.st.stm32cube.ide.mcu.externaltools.gnu-tools-for-stm32.11.3.rel1.win32_1.1.100.202309141235/tools/bin/../lib/gcc/arm-none-eabi/11.3.1/thumb/v7e-m+fp/hard\libgcc.a(_arm_muldf3.o)
 .debug_frame   0x000000000000400c       0xac C:/ST/STM32CubeIDE_1.14.1/STM32CubeIDE/plugins/com.st.stm32cube.ide.mcu.externaltools.gnu-tools-for-stm32.11.3.rel1.win32_1.1.100.202309141235/tools/bin/../lib/gcc/arm-none-eabi/11.3.1/thumb/v7e-m+fp/hard\libgcc.a(_arm_addsubdf3.o)
 .debug_frame   0x00000000000040b8       0xc4 C:/ST/STM32CubeIDE_1.14.1/STM32CubeIDE/plugins/com.st.stm32cube.ide.mcu.externaltools.gnu-tools-for-stm32.11.3.rel1.win32_1.1.100.202309141235/tools/bin/../lib/gcc/arm-none-eabi/11.3.1/thumb/v7e-m+fp/hard\libgcc.a(_arm_cmpdf2.o)
 .debug_frame   0x000000000000417c       0x24 C:/ST/STM32CubeIDE_1.14.1/STM32CubeIDE/plugins/com.st.stm32cube.ide.mcu.externaltools.gnu-tools-for-stm32.11.3.rel1.win32_1.1.100.202309141235/tools/bin/../lib/gcc/arm-none-eabi/11.3.1/thumb/v7e-m+fp/hard\libgcc.a(_arm_fixunsdfsi.o)
 .debug_frame   0x00000000000041a0       0x24 C:/ST/STM32CubeIDE_1.14.1/STM32CubeIDE/plugins/com.st.stm32cube.ide.mcu.externaltools.gnu-tools-for-stm32.11.3.rel1.win32_1.1.100.202309141235/tools/bin/../lib/gcc/arm-none-eabi/11.3.1/thumb/v7e-m+fp/hard\libgcc.a(_arm_truncdfsf2.o)

.debug_line_str
                0x0000000000000000       0x56
 .debug_line_str
                0x0000000000000000       0x56 ./Core/Startup/startup_stm32f358vctx.o
                                         0x6e (size before relaxing)
