../Core/Src/stm32f3xx_it.c:112:6:NMI_Handler	4	static
../Core/Src/stm32f3xx_it.c:127:6:HardFault_Handler	4	static
../Core/Src/stm32f3xx_it.c:142:6:MemManage_Handler	4	static
../Core/Src/stm32f3xx_it.c:157:6:BusFault_Handler	4	static
../Core/Src/stm32f3xx_it.c:172:6:UsageFault_Handler	4	static
../Core/Src/stm32f3xx_it.c:187:6:SVC_Handler	4	static
../Core/Src/stm32f3xx_it.c:200:6:DebugMon_Handler	4	static
../Core/Src/stm32f3xx_it.c:213:6:PendSV_Handler	4	static
../Core/Src/stm32f3xx_it.c:226:6:SysTick_Handler	8	static
../Core/Src/stm32f3xx_it.c:247:6:DMA1_Channel1_IRQHandler	8	static
../Core/Src/stm32f3xx_it.c:261:6:TIM1_UP_TIM16_IRQHandler	8	static
../Core/Src/stm32f3xx_it.c:275:6:DMA2_Channel1_IRQHandler	8	static
../Core/Src/stm32f3xx_it.c:289:6:DMA2_Channel2_IRQHandler	8	static
../Core/Src/stm32f3xx_it.c:303:6:DMA2_Channel5_IRQHandler	8	static
../Core/Src/stm32f3xx_it.c:317:6:HAL_ADC_ConvCpltCallback	16	static,ignoring_inline_asm
